Archive member included to satisfy reference by file (symbol)

/usr/lib/gcc/arm-none-eabi/10.3.1/thumb/v6-m/nofp/libgcc.a(_dvmd_tls.o)
                              CMakeFiles/gps_app.dir/home/isaac/pico/pico-sdk/src/rp2_common/pico_divider/divider.S.obj (__aeabi_idiv0)
/usr/lib/gcc/arm-none-eabi/10.3.1/../../../arm-none-eabi/lib/thumb/v6-m/nofp/libc.a(lib_a-atexit.o)
                              /usr/lib/gcc/arm-none-eabi/10.3.1/../../../arm-none-eabi/lib/thumb/v6-m/nofp/crt0.o (atexit)
/usr/lib/gcc/arm-none-eabi/10.3.1/../../../arm-none-eabi/lib/thumb/v6-m/nofp/libc.a(lib_a-calloc.o)
                              CMakeFiles/gps_app.dir/home/isaac/pico/pico-sdk/src/rp2_common/pico_malloc/pico_malloc.c.obj (calloc)
/usr/lib/gcc/arm-none-eabi/10.3.1/../../../arm-none-eabi/lib/thumb/v6-m/nofp/libc.a(lib_a-callocr.o)
                              /usr/lib/gcc/arm-none-eabi/10.3.1/../../../arm-none-eabi/lib/thumb/v6-m/nofp/libc.a(lib_a-calloc.o) (_calloc_r)
/usr/lib/gcc/arm-none-eabi/10.3.1/../../../arm-none-eabi/lib/thumb/v6-m/nofp/libc.a(lib_a-fini.o)
                              /usr/lib/gcc/arm-none-eabi/10.3.1/../../../arm-none-eabi/lib/thumb/v6-m/nofp/crt0.o (__libc_fini_array)
/usr/lib/gcc/arm-none-eabi/10.3.1/../../../arm-none-eabi/lib/thumb/v6-m/nofp/libc.a(lib_a-impure.o)
                              /usr/lib/gcc/arm-none-eabi/10.3.1/../../../arm-none-eabi/lib/thumb/v6-m/nofp/libc.a(lib_a-calloc.o) (_impure_ptr)
/usr/lib/gcc/arm-none-eabi/10.3.1/../../../arm-none-eabi/lib/thumb/v6-m/nofp/libc.a(lib_a-init.o)
                              /usr/lib/gcc/arm-none-eabi/10.3.1/../../../arm-none-eabi/lib/thumb/v6-m/nofp/crt0.o (__libc_init_array)
/usr/lib/gcc/arm-none-eabi/10.3.1/../../../arm-none-eabi/lib/thumb/v6-m/nofp/libc.a(lib_a-malloc.o)
                              CMakeFiles/gps_app.dir/home/isaac/pico/pico-sdk/src/rp2_common/pico_malloc/pico_malloc.c.obj (malloc)
/usr/lib/gcc/arm-none-eabi/10.3.1/../../../arm-none-eabi/lib/thumb/v6-m/nofp/libc.a(lib_a-mallocr.o)
                              /usr/lib/gcc/arm-none-eabi/10.3.1/../../../arm-none-eabi/lib/thumb/v6-m/nofp/libc.a(lib_a-callocr.o) (_malloc_r)
/usr/lib/gcc/arm-none-eabi/10.3.1/../../../arm-none-eabi/lib/thumb/v6-m/nofp/libc.a(lib_a-mlock.o)
                              /usr/lib/gcc/arm-none-eabi/10.3.1/../../../arm-none-eabi/lib/thumb/v6-m/nofp/libc.a(lib_a-mallocr.o) (__malloc_lock)
/usr/lib/gcc/arm-none-eabi/10.3.1/../../../arm-none-eabi/lib/thumb/v6-m/nofp/libc.a(lib_a-realloc.o)
                              CMakeFiles/gps_app.dir/home/isaac/pico/pico-sdk/src/rp2_common/pico_malloc/pico_malloc.c.obj (realloc)
/usr/lib/gcc/arm-none-eabi/10.3.1/../../../arm-none-eabi/lib/thumb/v6-m/nofp/libc.a(lib_a-reallocr.o)
                              /usr/lib/gcc/arm-none-eabi/10.3.1/../../../arm-none-eabi/lib/thumb/v6-m/nofp/libc.a(lib_a-realloc.o) (_realloc_r)
/usr/lib/gcc/arm-none-eabi/10.3.1/../../../arm-none-eabi/lib/thumb/v6-m/nofp/libc.a(lib_a-sbrkr.o)
                              /usr/lib/gcc/arm-none-eabi/10.3.1/../../../arm-none-eabi/lib/thumb/v6-m/nofp/libc.a(lib_a-mallocr.o) (_sbrk_r)
/usr/lib/gcc/arm-none-eabi/10.3.1/../../../arm-none-eabi/lib/thumb/v6-m/nofp/libc.a(lib_a-strlen-stub.o)
                              CMakeFiles/gps_app.dir/home/isaac/pico/pico-sdk/src/rp2_common/pico_stdio/stdio.c.obj (strlen)
/usr/lib/gcc/arm-none-eabi/10.3.1/../../../arm-none-eabi/lib/thumb/v6-m/nofp/libc.a(lib_a-strncmp.o)
                              CMakeFiles/gps_app.dir/main.c.obj (strncmp)
/usr/lib/gcc/arm-none-eabi/10.3.1/../../../arm-none-eabi/lib/thumb/v6-m/nofp/libc.a(lib_a-strtod.o)
                              CMakeFiles/gps_app.dir/main.c.obj (strtod)
/usr/lib/gcc/arm-none-eabi/10.3.1/../../../arm-none-eabi/lib/thumb/v6-m/nofp/libc.a(lib_a-strtok.o)
                              CMakeFiles/gps_app.dir/main.c.obj (strtok)
/usr/lib/gcc/arm-none-eabi/10.3.1/../../../arm-none-eabi/lib/thumb/v6-m/nofp/libc.a(lib_a-strtok_r.o)
                              /usr/lib/gcc/arm-none-eabi/10.3.1/../../../arm-none-eabi/lib/thumb/v6-m/nofp/libc.a(lib_a-strtok.o) (__strtok_r)
/usr/lib/gcc/arm-none-eabi/10.3.1/../../../arm-none-eabi/lib/thumb/v6-m/nofp/libc.a(lib_a-__atexit.o)
                              /usr/lib/gcc/arm-none-eabi/10.3.1/../../../arm-none-eabi/lib/thumb/v6-m/nofp/libc.a(lib_a-atexit.o) (__register_exitproc)
/usr/lib/gcc/arm-none-eabi/10.3.1/../../../arm-none-eabi/lib/thumb/v6-m/nofp/libc.a(lib_a-freer.o)
                              /usr/lib/gcc/arm-none-eabi/10.3.1/../../../arm-none-eabi/lib/thumb/v6-m/nofp/libc.a(lib_a-malloc.o) (_free_r)
/usr/lib/gcc/arm-none-eabi/10.3.1/../../../arm-none-eabi/lib/thumb/v6-m/nofp/libc.a(lib_a-gdtoa-gethex.o)
                              /usr/lib/gcc/arm-none-eabi/10.3.1/../../../arm-none-eabi/lib/thumb/v6-m/nofp/libc.a(lib_a-strtod.o) (__gethex)
/usr/lib/gcc/arm-none-eabi/10.3.1/../../../arm-none-eabi/lib/thumb/v6-m/nofp/libc.a(lib_a-gdtoa-hexnan.o)
[...]
Memory Configuration

Name             Origin             Length             Attributes
FLASH            0x0000000010000000 0x0000000000200000 xr
RAM              0x0000000020000000 0x0000000000040000 xrw
SCRATCH_X        0x0000000020040000 0x0000000000001000 xrw
SCRATCH_Y        0x0000000020041000 0x0000000000001000 xrw
*default*        0x0000000000000000 0xffffffffffffffff

Linker script and memory map

LOAD /usr/lib/gcc/arm-none-eabi/10.3.1/thumb/v6-m/nofp/crti.o
LOAD /usr/lib/gcc/arm-none-eabi/10.3.1/thumb/v6-m/nofp/crtbegin.o
LOAD /usr/lib/gcc/arm-none-eabi/10.3.1/../../../arm-none-eabi/lib/thumb/v6-m/nofp/crt0.o

.flash_begin    0x0000000010000000        0x0
                0x0000000010000000                __flash_binary_start = .

.boot2          0x0000000010000000      0x100
                0x0000000010000000                __boot2_start__ = .
 *(.boot2)
 .boot2         0x0000000010000000      0x100 /tmp/ccSNeb4Z.o
                0x0000000010000100                __boot2_end__ = .
                0x0000000000000001                ASSERT (((__boot2_end__ - __boot2_start__) == 0x100), ERROR: Pico second stage bootloader must be 256 bytes in size)

.text           0x0000000010000100     0x98d8
                0x0000000010000100                __logical_binary_start = .
 *(.vectors)
 .vectors       0x0000000010000100       0xd4 CMakeFiles/gps_app.dir/home/isaac/pico/pico-sdk/src/rp2_common/pico_standard_link/crt0.S.obj
                0x0000000010000100                __vectors
                0x0000000010000100                __VECTOR_TABLE
                0x00000000100001c0                isr_invalid
                0x00000000100001c0                __default_isrs_start
                0x00000000100001c2                isr_nmi
                0x00000000100001c4                isr_hardfault
                0x00000000100001c6                isr_svcall
                0x00000000100001c8                isr_pendsv
                0x00000000100001ca                isr_systick
                0x00000000100001cc                isr_irq30
                0x00000000100001cc                __unhandled_user_irq
                0x00000000100001cc                isr_irq13
                0x00000000100001cc                isr_irq27
                0x00000000100001cc                isr_irq31
                0x00000000100001cc                isr_irq5
                0x00000000100001cc                isr_irq11
                0x00000000100001cc                isr_irq23
                0x00000000100001cc                isr_irq18
                0x00000000100001cc                isr_irq28
                0x00000000100001cc                isr_irq19
                0x00000000100001cc                isr_irq0
                0x00000000100001cc                isr_irq6
                0x00000000100001cc                isr_irq22
                0x00000000100001cc                isr_irq17
                0x00000000100001cc                isr_irq14
                0x00000000100001cc                isr_irq2
                0x00000000100001cc                isr_irq10
                0x00000000100001cc                isr_irq8
                0x00000000100001cc                isr_irq24
                0x00000000100001cc                isr_irq1
                0x00000000100001cc                isr_irq7
                0x00000000100001cc                isr_irq21
                0x00000000100001cc                isr_irq20
                0x00000000100001cc                isr_irq15
                0x00000000100001cc                isr_irq25
                0x00000000100001cc                isr_irq4
                0x00000000100001cc                isr_irq16
                0x00000000100001cc                isr_irq29
                0x00000000100001cc                isr_irq26
                0x00000000100001cc                __default_isrs_end
                0x00000000100001cc                isr_irq3
                0x00000000100001cc                isr_irq12
                0x00000000100001cc                isr_irq9
                0x00000000100001d2                unhandled_user_irq_num_in_r0
 *(.binary_info_header)
 .binary_info_header
                0x00000000100001d4       0x14 CMakeFiles/gps_app.dir/home/isaac/pico/pico-sdk/src/rp2_common/pico_standard_link/crt0.S.obj
                0x00000000100001e8                __binary_info_header_end = .
 *(.reset)
 .reset         0x00000000100001e8       0xa0 CMakeFiles/gps_app.dir/home/isaac/pico/pico-sdk/src/rp2_common/pico_standard_link/crt0.S.obj
                0x00000000100001e8                _entry_point
 .reset         0x0000000010000288       0x30 CMakeFiles/gps_app.dir/home/isaac/pico/pico-sdk/src/rp2_common/pico_standard_link/binary_info.c.obj
 *(.init)
 .init          0x00000000100002b8        0x4 /usr/lib/gcc/arm-none-eabi/10.3.1/thumb/v6-m/nofp/crti.o
                0x00000000100002b8                _init
 *(EXCLUDE_FILE(*libm.a: *libc.a:*lib_a-mem*.o *libgcc.a:) .text*)
 .text          0x00000000100002bc       0x98 /usr/lib/gcc/arm-none-eabi/10.3.1/thumb/v6-m/nofp/crtbegin.o
 .text.getLocalizacao
                0x0000000010000354      0x1e8 CMakeFiles/gps_app.dir/main.c.obj
                0x0000000010000354                getLocalizacao
 .text.on_uart_gps_irq
                0x000000001000053c       0x54 CMakeFiles/gps_app.dir/main.c.obj
                0x000000001000053c                on_uart_gps_irq
 .text.startup.main
                0x0000000010000590      0x18c CMakeFiles/gps_app.dir/main.c.obj
                0x0000000010000590                main
 .text.gpio_set_function
                0x000000001000071c       0x30 CMakeFiles/gps_app.dir/home/isaac/pico/pico-sdk/src/rp2_common/hardware_gpio/gpio.c.obj
                0x000000001000071c                gpio_set_function
 .text.running_on_fpga
                0x000000001000074c       0x10 CMakeFiles/gps_app.dir/home/isaac/pico/pico-sdk/src/rp2_common/pico_platform/platform.c.obj
                0x000000001000074c                running_on_fpga
 .text.hw_claim_or_assert
                0x000000001000075c       0x44 CMakeFiles/gps_app.dir/home/isaac/pico/pico-sdk/src/rp2_common/hardware_claim/claim.c.obj
                0x000000001000075c                hw_claim_or_assert
 .text.hw_claim_unused_from_range
                0x00000000100007a0       0x9c CMakeFiles/gps_app.dir/home/isaac/pico/pico-sdk/src/rp2_common/hardware_claim/claim.c.obj
                0x00000000100007a0                hw_claim_unused_from_range
 .text.spin_locks_reset
                0x000000001000083c       0x1c CMakeFiles/gps_app.dir/home/isaac/pico/pico-sdk/src/rp2_common/hardware_sync/sync.c.obj
                0x000000001000083c                spin_locks_reset
 .text.next_striped_spin_lock_num
                0x0000000010000858       0x18 CMakeFiles/gps_app.dir/home/isaac/pico/pico-sdk/src/rp2_common/hardware_sync/sync.c.obj
                0x0000000010000858                next_striped_spin_lock_num
 .text.spin_lock_claim_unused
                0x0000000010000870       0x20 CMakeFiles/gps_app.dir/home/isaac/pico/pico-sdk/src/rp2_common/hardware_sync/sync.c.obj
                0x0000000010000870                spin_lock_claim_unused
 .text.irq_set_enabled
                0x0000000010000890       0x24 CMakeFiles/gps_app.dir/home/isaac/pico/pico-sdk/src/rp2_common/hardware_irq/irq.c.obj
                0x0000000010000890                irq_set_enabled
 .text.irq_set_pending
                0x00000000100008b4       0x10 CMakeFiles/gps_app.dir/home/isaac/pico/pico-sdk/src/rp2_common/hardware_irq/irq.c.obj
                0x00000000100008b4                irq_set_pending
 .text.irq_has_shared_handler
                0x00000000100008c4       0x2c CMakeFiles/gps_app.dir/home/isaac/pico/pico-sdk/src/rp2_common/hardware_irq/irq.c.obj
                0x00000000100008c4                irq_has_shared_handler
 .text.irq_get_vtable_handler
                0x00000000100008f0       0x10 CMakeFiles/gps_app.dir/home/isaac/pico/pico-sdk/src/rp2_common/hardware_irq/irq.c.obj
                0x00000000100008f0                irq_get_vtable_handler
 .text.irq_set_exclusive_handler
                0x0000000010000900       0x54 CMakeFiles/gps_app.dir/home/isaac/pico/pico-sdk/src/rp2_common/hardware_irq/irq.c.obj
                0x0000000010000900                irq_set_exclusive_handler
 .text.irq_add_shared_handler
                0x0000000010000954      0x1e8 CMakeFiles/gps_app.dir/home/isaac/pico/pico-sdk/src/rp2_common/hardware_irq/irq.c.obj
                0x0000000010000954                irq_add_shared_handler
 .text.irq_remove_handler
                0x0000000010000b3c      0x1b0 CMakeFiles/gps_app.dir/home/isaac/pico/pico-sdk/src/rp2_common/hardware_irq/irq.c.obj
                0x0000000010000b3c                irq_remove_handler
 .text.irq_add_tail_to_free_list
                0x0000000010000cec       0xb4 CMakeFiles/gps_app.dir/home/isaac/pico/pico-sdk/src/rp2_common/hardware_irq/irq.c.obj
                0x0000000010000cec                irq_add_tail_to_free_list
 .text.irq_init_priorities
                0x0000000010000da0       0x24 CMakeFiles/gps_app.dir/home/isaac/pico/pico-sdk/src/rp2_common/hardware_irq/irq.c.obj
                0x0000000010000da0                irq_init_priorities
 .text.user_irq_claim_unused
                0x0000000010000dc4       0x28 CMakeFiles/gps_app.dir/home/isaac/pico/pico-sdk/src/rp2_common/hardware_irq/irq.c.obj
                0x0000000010000dc4                user_irq_claim_unused
 .text.lock_init
                0x0000000010000dec       0x10 CMakeFiles/gps_app.dir/home/isaac/pico/pico-sdk/src/common/pico_sync/lock_core.c.obj
                0x0000000010000dec                lock_init
 .text.mutex_init
                0x0000000010000dfc       0x1c CMakeFiles/gps_app.dir/home/isaac/pico/pico-sdk/src/common/pico_sync/mutex.c.obj
                0x0000000010000dfc                mutex_init
 .text.recursive_mutex_init
                0x0000000010000e18       0x1c CMakeFiles/gps_app.dir/home/isaac/pico/pico-sdk/src/common/pico_sync/mutex.c.obj
                0x0000000010000e18                recursive_mutex_init
 .text.critical_section_init
                0x0000000010000e34       0x20 CMakeFiles/gps_app.dir/home/isaac/pico/pico-sdk/src/common/pico_sync/critical_section.c.obj
                0x0000000010000e34                critical_section_init
 .text.critical_section_init_with_lock_num
                0x0000000010000e54       0x14 CMakeFiles/gps_app.dir/home/isaac/pico/pico-sdk/src/common/pico_sync/critical_section.c.obj
                0x0000000010000e54                critical_section_init_with_lock_num
 .text.timer_pool_entry_comparator
                0x0000000010000e68       0x34 CMakeFiles/gps_app.dir/home/isaac/pico/pico-sdk/src/common/pico_time/time.c.obj
                0x0000000010000e68                timer_pool_entry_comparator
 .text.sleep_until_callback
                0x0000000010000e9c       0x30 CMakeFiles/gps_app.dir/home/isaac/pico/pico-sdk/src/common/pico_time/time.c.obj
 .text.add_alarm_under_lock.isra.0
                0x0000000010000ecc      0x100 CMakeFiles/gps_app.dir/home/isaac/pico/pico-sdk/src/common/pico_time/time.c.obj
 .text.alarm_pool_alarm_callback
                0x0000000010000fcc      0x1bc CMakeFiles/gps_app.dir/home/isaac/pico/pico-sdk/src/common/pico_time/time.c.obj
 .text.alarm_pool_init_default
                0x0000000010001188       0x6c CMakeFiles/gps_app.dir/home/isaac/pico/pico-sdk/src/common/pico_time/time.c.obj
                0x0000000010001188                alarm_pool_init_default
 .text.alarm_pool_get_default
                0x00000000100011f4        0x8 CMakeFiles/gps_app.dir/home/isaac/pico/pico-sdk/src/common/pico_time/time.c.obj
                0x00000000100011f4                alarm_pool_get_default
 .text.alarm_pool_add_alarm_at
                0x00000000100011fc      0x178 CMakeFiles/gps_app.dir/home/isaac/pico/pico-sdk/src/common/pico_time/time.c.obj
                0x00000000100011fc                alarm_pool_add_alarm_at
 .text.alarm_pool_core_num
                0x0000000010001374        0x4 CMakeFiles/gps_app.dir/home/isaac/pico/pico-sdk/src/common/pico_time/time.c.obj
                0x0000000010001374                alarm_pool_core_num
 .text.sleep_until
                0x0000000010001378       0xc4 CMakeFiles/gps_app.dir/home/isaac/pico/pico-sdk/src/common/pico_time/time.c.obj
                0x0000000010001378                sleep_until
 .text.sleep_ms
                0x000000001000143c       0x34 CMakeFiles/gps_app.dir/home/isaac/pico/pico-sdk/src/common/pico_time/time.c.obj
                0x000000001000143c                sleep_ms
 .text.best_effort_wfe_or_timeout
                0x0000000010001470       0xd4 CMakeFiles/gps_app.dir/home/isaac/pico/pico-sdk/src/common/pico_time/time.c.obj
                0x0000000010001470                best_effort_wfe_or_timeout
 .text.hardware_alarm_irq_handler
                0x0000000010001544       0xbc CMakeFiles/gps_app.dir/home/isaac/pico/pico-sdk/src/rp2_common/hardware_timer/timer.c.obj
 .text.hardware_alarm_claim
                0x0000000010001600       0x18 CMakeFiles/gps_app.dir/home/isaac/pico/pico-sdk/src/rp2_common/hardware_timer/timer.c.obj
                0x0000000010001600                hardware_alarm_claim
 .text.time_us_64
                0x0000000010001618       0x14 CMakeFiles/gps_app.dir/home/isaac/pico/pico-sdk/src/rp2_common/hardware_timer/timer.c.obj
                0x0000000010001618                time_us_64
 .text.busy_wait_us
                0x000000001000162c       0x54 CMakeFiles/gps_app.dir/home/isaac/pico/pico-sdk/src/rp2_common/hardware_timer/timer.c.obj
                0x000000001000162c                busy_wait_us
 .text.busy_wait_until
                0x0000000010001680       0x20 CMakeFiles/gps_app.dir/home/isaac/pico/pico-sdk/src/rp2_common/hardware_timer/timer.c.obj
                0x0000000010001680                busy_wait_until
 .text.hardware_alarm_set_callback
                0x00000000100016a0       0x8c CMakeFiles/gps_app.dir/home/isaac/pico/pico-sdk/src/rp2_common/hardware_timer/timer.c.obj
                0x00000000100016a0                hardware_alarm_set_callback
 .text.hardware_alarm_set_target
                0x000000001000172c       0xd4 CMakeFiles/gps_app.dir/home/isaac/pico/pico-sdk/src/rp2_common/hardware_timer/timer.c.obj
                0x000000001000172c                hardware_alarm_set_target
 .text.hardware_alarm_cancel
                0x0000000010001800       0x3c CMakeFiles/gps_app.dir/home/isaac/pico/pico-sdk/src/rp2_common/hardware_timer/timer.c.obj
                0x0000000010001800                hardware_alarm_cancel
 .text.ph_merge_nodes
                0x000000001000183c       0x68 CMakeFiles/gps_app.dir/home/isaac/pico/pico-sdk/src/common/pico_util/pheap.c.obj
 .text.ph_post_alloc_init
                0x00000000100018a4       0x3c CMakeFiles/gps_app.dir/home/isaac/pico/pico-sdk/src/common/pico_util/pheap.c.obj
                0x00000000100018a4                ph_post_alloc_init
 .text.ph_merge_two_pass
                0x00000000100018e0       0x90 CMakeFiles/gps_app.dir/home/isaac/pico/pico-sdk/src/common/pico_util/pheap.c.obj
                0x00000000100018e0                ph_merge_two_pass
 .text.ph_remove_any_head
                0x0000000010001970      0x100 CMakeFiles/gps_app.dir/home/isaac/pico/pico-sdk/src/common/pico_util/pheap.c.obj
 .text.ph_remove_head
                0x0000000010001a70      0x104 CMakeFiles/gps_app.dir/home/isaac/pico/pico-sdk/src/common/pico_util/pheap.c.obj
                0x0000000010001a70                ph_remove_head
 .text.ph_remove_and_free_node
                0x0000000010001b74       0x7c CMakeFiles/gps_app.dir/home/isaac/pico/pico-sdk/src/common/pico_util/pheap.c.obj
                0x0000000010001b74                ph_remove_and_free_node
 .text.uart_init
                0x0000000010001bf0      0x188 CMakeFiles/gps_app.dir/home/isaac/pico/pico-sdk/src/rp2_common/hardware_uart/uart.c.obj
                0x0000000010001bf0                uart_init
 .text.clocks_init
                0x0000000010001d78      0x2d0 CMakeFiles/gps_app.dir/home/isaac/pico/pico-sdk/src/rp2_common/hardware_clocks/clocks.c.obj
                0x0000000010001d78                clocks_init
 .text.clock_get_hz
                0x0000000010002048        0xc CMakeFiles/gps_app.dir/home/isaac/pico/pico-sdk/src/rp2_common/hardware_clocks/clocks.c.obj
                0x0000000010002048                clock_get_hz
 .text.pll_init
                0x0000000010002054       0xa0 CMakeFiles/gps_app.dir/home/isaac/pico/pico-sdk/src/rp2_common/hardware_pll/pll.c.obj
                0x0000000010002054                pll_init
 .text.watchdog_start_tick
                0x00000000100020f4       0x10 CMakeFiles/gps_app.dir/home/isaac/pico/pico-sdk/src/rp2_common/hardware_watchdog/watchdog.c.obj
                0x00000000100020f4                watchdog_start_tick
 .text.watchdog_reboot
                0x0000000010002104       0x98 CMakeFiles/gps_app.dir/home/isaac/pico/pico-sdk/src/rp2_common/hardware_watchdog/watchdog.c.obj
                0x0000000010002104                watchdog_reboot
 .text.xosc_init
                0x000000001000219c       0x28 CMakeFiles/gps_app.dir/home/isaac/pico/pico-sdk/src/rp2_common/hardware_xosc/xosc.c.obj
                0x000000001000219c                xosc_init
 .text.runtime_init
                0x00000000100021c4       0xf0 CMakeFiles/gps_app.dir/home/isaac/pico/pico-sdk/src/rp2_common/pico_runtime/runtime.c.obj
                0x00000000100021c4                runtime_init
 .text._exit    0x00000000100022b4        0x4 CMakeFiles/gps_app.dir/home/isaac/pico/pico-sdk/src/rp2_common/pico_runtime/runtime.c.obj
                0x00000000100022b4                _exit
 .text._sbrk    0x00000000100022b8       0x34 CMakeFiles/gps_app.dir/home/isaac/pico/pico-sdk/src/rp2_common/pico_runtime/runtime.c.obj
                0x00000000100022b8                _sbrk
 .text.exit     0x00000000100022ec        0x8 CMakeFiles/gps_app.dir/home/isaac/pico/pico-sdk/src/rp2_common/pico_runtime/runtime.c.obj
                0x00000000100022ec                exit
 .text.__assert_func
                0x00000000100022f4       0x34 CMakeFiles/gps_app.dir/home/isaac/pico/pico-sdk/src/rp2_common/pico_runtime/runtime.c.obj
                0x00000000100022f4                __assert_func
 .text.panic    0x0000000010002328       0x30 CMakeFiles/gps_app.dir/home/isaac/pico/pico-sdk/src/rp2_common/pico_runtime/runtime.c.obj
                0x0000000010002328                panic
 .text.hard_assertion_failure
                0x0000000010002358        0xc CMakeFiles/gps_app.dir/home/isaac/pico/pico-sdk/src/rp2_common/pico_runtime/runtime.c.obj
                0x0000000010002358                hard_assertion_failure
 .text._out_buffer
                0x0000000010002364        0x8 CMakeFiles/gps_app.dir/home/isaac/pico/pico-sdk/src/rp2_common/pico_printf/printf.c.obj
 .text._out_null
                0x000000001000236c        0x4 CMakeFiles/gps_app.dir/home/isaac/pico/pico-sdk/src/rp2_common/pico_printf/printf.c.obj
 .text._out_rev
                0x0000000010002370       0x9c CMakeFiles/gps_app.dir/home/isaac/pico/pico-sdk/src/rp2_common/pico_printf/printf.c.obj
 .text._ntoa_format
                0x000000001000240c      0x1cc CMakeFiles/gps_app.dir/home/isaac/pico/pico-sdk/src/rp2_common/pico_printf/printf.c.obj
 .text._out_char
                0x00000000100025d8       0x10 CMakeFiles/gps_app.dir/home/isaac/pico/pico-sdk/src/rp2_common/pico_printf/printf.c.obj
 .text._etoa    0x00000000100025e8      0x44c CMakeFiles/gps_app.dir/home/isaac/pico/pico-sdk/src/rp2_common/pico_printf/printf.c.obj
 .text._ftoa    0x0000000010002a34      0x398 CMakeFiles/gps_app.dir/home/isaac/pico/pico-sdk/src/rp2_common/pico_printf/printf.c.obj
 .text._vsnprintf
                0x0000000010002dcc      0xb04 CMakeFiles/gps_app.dir/home/isaac/pico/pico-sdk/src/rp2_common/pico_printf/printf.c.obj
 .text.__wrap_sprintf
                0x00000000100038d0       0x28 CMakeFiles/gps_app.dir/home/isaac/pico/pico-sdk/src/rp2_common/pico_printf/printf.c.obj
                0x00000000100038d0                __wrap_sprintf
 .text.weak_raw_printf
                0x00000000100038f8       0x40 CMakeFiles/gps_app.dir/home/isaac/pico/pico-sdk/src/rp2_common/pico_printf/printf.c.obj
                0x00000000100038f8                weak_raw_printf
 .text.weak_raw_vprintf
                0x0000000010003938       0x30 CMakeFiles/gps_app.dir/home/isaac/pico/pico-sdk/src/rp2_common/pico_printf/printf.c.obj
                0x0000000010003938                weak_raw_vprintf
 .text          0x0000000010003968       0x10 CMakeFiles/gps_app.dir/home/isaac/pico/pico-sdk/src/rp2_common/pico_bit_ops/bit_ops_aeabi.S.obj
 .text.rom_func_lookup
                0x0000000010003978       0x10 CMakeFiles/gps_app.dir/home/isaac/pico/pico-sdk/src/rp2_common/pico_bootrom/bootrom.c.obj
                0x0000000010003978                rom_func_lookup
 .text.rom_data_lookup
                0x0000000010003988       0x10 CMakeFiles/gps_app.dir/home/isaac/pico/pico-sdk/src/rp2_common/pico_bootrom/bootrom.c.obj
                0x0000000010003988                rom_data_lookup
 .text.rom_funcs_lookup
                0x0000000010003998       0x44 CMakeFiles/gps_app.dir/home/isaac/pico/pico-sdk/src/rp2_common/pico_bootrom/bootrom.c.obj
                0x0000000010003998                rom_funcs_lookup
 .text.__wrap___aeabi_idiv
                0x00000000100039dc       0x50 CMakeFiles/gps_app.dir/home/isaac/pico/pico-sdk/src/rp2_common/pico_divider/divider.S.obj
                0x00000000100039dc                __wrap___aeabi_idivmod
                0x00000000100039dc                divmod_s32s32
                0x00000000100039dc                div_s32s32
                0x00000000100039dc                __wrap___aeabi_idiv
                0x00000000100039e4                divmod_s32s32_unsafe
                0x0000000010003a10                divmod_s32s32_savestate
 .text.__wrap___aeabi_uidiv
                0x0000000010003a2c       0x4c CMakeFiles/gps_app.dir/home/isaac/pico/pico-sdk/src/rp2_common/pico_divider/divider.S.obj
                0x0000000010003a2c                __wrap___aeabi_uidiv
                0x0000000010003a2c                __wrap___aeabi_uidivmod
                0x0000000010003a2c                div_u32u32
                0x0000000010003a2c                divmod_u32u32
                0x0000000010003a34                divmod_u32u32_unsafe
                0x0000000010003a5c                divmod_u32u32_savestate
 .text.__wrap___aeabi_ldiv
                0x0000000010003a78      0x424 CMakeFiles/gps_app.dir/home/isaac/pico/pico-sdk/src/rp2_common/pico_divider/divider.S.obj
                0x0000000010003a78                div_s64s64
                0x0000000010003a78                divmod_s64s64
                0x0000000010003a78                __wrap___aeabi_ldivmod
                0x0000000010003aa8                div_u64u64
                0x0000000010003aa8                divmod_u64u64
                0x0000000010003aa8                __wrap___aeabi_uldivmod
                0x0000000010003ab8                divmod_u64u64_savestate
                0x0000000010003ad8                divmod_s64s64_unsafe
                0x0000000010003b60                divmod_u64u64_unsafe
 .text.__wrap___aeabi_darithmetic
                0x0000000010003e9c       0x60 CMakeFiles/gps_app.dir/home/isaac/pico/pico-sdk/src/rp2_common/pico_double/double_aeabi.S.obj
                0x0000000010003e9c                __wrap___aeabi_drsub
                0x0000000010003ea2                __wrap___aeabi_dsub
                0x0000000010003eac                __wrap___aeabi_dadd
                0x0000000010003eb6                __wrap___aeabi_ddiv
                0x0000000010003eea                __wrap___aeabi_dmul
 .text.__wrap___aeabi_cdcmple
                0x0000000010003efc       0x6c CMakeFiles/gps_app.dir/home/isaac/pico/pico-sdk/src/rp2_common/pico_double/double_aeabi.S.obj
                0x0000000010003efc                __wrap___aeabi_cdrcmple
                0x0000000010003f0c                __wrap___aeabi_cdcmple
                0x0000000010003f0c                __wrap___aeabi_cdcmpeq
 .text.__wrap___aeabi_dcmpeq
                0x0000000010003f68       0x10 CMakeFiles/gps_app.dir/home/isaac/pico/pico-sdk/src/rp2_common/pico_double/double_aeabi.S.obj
                0x0000000010003f68                __wrap___aeabi_dcmpeq
 .text.__wrap___aeabi_dcmplt
                0x0000000010003f78        0xc CMakeFiles/gps_app.dir/home/isaac/pico/pico-sdk/src/rp2_common/pico_double/double_aeabi.S.obj
                0x0000000010003f78                __wrap___aeabi_dcmplt
 .text.__wrap___aeabi_dcmple
                0x0000000010003f84       0x10 CMakeFiles/gps_app.dir/home/isaac/pico/pico-sdk/src/rp2_common/pico_double/double_aeabi.S.obj
                0x0000000010003f84                __wrap___aeabi_dcmple
 .text.__wrap___aeabi_dcmpge
                0x0000000010003f94       0x10 CMakeFiles/gps_app.dir/home/isaac/pico/pico-sdk/src/rp2_common/pico_double/double_aeabi.S.obj
                0x0000000010003f94                __wrap___aeabi_dcmpge
 .text.__wrap___aeabi_dcmpgt
                0x0000000010003fa4        0xa CMakeFiles/gps_app.dir/home/isaac/pico/pico-sdk/src/rp2_common/pico_double/double_aeabi.S.obj
                0x0000000010003fa4                __wrap___aeabi_dcmpgt
 .text.__wrap___aeabi_dcmpun
                0x0000000010003fae       0x1c CMakeFiles/gps_app.dir/home/isaac/pico/pico-sdk/src/rp2_common/pico_double/double_aeabi.S.obj
                0x0000000010003fae                __wrap___aeabi_dcmpun
 *fill*         0x0000000010003fca        0x2 
 .text.__wrap___aeabi_i2d
                0x0000000010003fcc       0x38 CMakeFiles/gps_app.dir/home/isaac/pico/pico-sdk/src/rp2_common/pico_double/double_aeabi.S.obj
                0x0000000010003fcc                __wrap___aeabi_ui2d
                0x0000000010003fd4                __wrap___aeabi_i2d
 .text.__wrap___aeabi_d2iz
                0x0000000010004004       0x48 CMakeFiles/gps_app.dir/home/isaac/pico/pico-sdk/src/rp2_common/pico_double/double_aeabi.S.obj
                0x0000000010004004                __wrap___aeabi_d2iz
                0x0000000010004004                double2int_z
 .text.__wrap___aeabi_d2uiz
                0x000000001000404c       0x10 CMakeFiles/gps_app.dir/home/isaac/pico/pico-sdk/src/rp2_common/pico_double/double_aeabi.S.obj
                0x000000001000404c                double2uint
                0x000000001000404c                __wrap___aeabi_d2uiz
 .text.__wrap___aeabi_l2d
                0x000000001000405c       0x10 CMakeFiles/gps_app.dir/home/isaac/pico/pico-sdk/src/rp2_common/pico_double/double_aeabi.S.obj
                0x000000001000405c                __wrap___aeabi_l2d
 .text.__wrap___aeabi_d2lz
                0x000000001000406c       0x26 CMakeFiles/gps_app.dir/home/isaac/pico/pico-sdk/src/rp2_common/pico_double/double_aeabi.S.obj
                0x000000001000406c                __wrap___aeabi_d2lz
                0x000000001000406c                double2int64_z
 *fill*         0x0000000010004092        0x2 
 .text.double2int64
                0x0000000010004094       0x10 CMakeFiles/gps_app.dir/home/isaac/pico/pico-sdk/src/rp2_common/pico_double/double_aeabi.S.obj
                0x0000000010004094                double2int64
 .text.double2ufix64
                0x00000000100040a4       0x10 CMakeFiles/gps_app.dir/home/isaac/pico/pico-sdk/src/rp2_common/pico_double/double_aeabi.S.obj
                0x00000000100040a4                double2ufix64
 .text.__wrap___aeabi_d2f
                0x00000000100040b4       0x10 CMakeFiles/gps_app.dir/home/isaac/pico/pico-sdk/src/rp2_common/pico_double/double_aeabi.S.obj
                0x00000000100040b4                __wrap___aeabi_d2f
 .text.missing_double_func_shim
                0x00000000100040c4        0xc CMakeFiles/gps_app.dir/home/isaac/pico/pico-sdk/src/rp2_common/pico_double/double_init_rom.c.obj
 .text.__aeabi_double_init
                0x00000000100040d0       0x98 CMakeFiles/gps_app.dir/home/isaac/pico/pico-sdk/src/rp2_common/pico_double/double_init_rom.c.obj
                0x00000000100040d0                __aeabi_double_init
 .text.double_table_shim_on_use_helper
                0x0000000010004168       0x2c CMakeFiles/gps_app.dir/home/isaac/pico/pico-sdk/src/rp2_common/pico_double/double_v1_rom_shim.S.obj
                0x0000000010004168                double_table_shim_on_use_helper
 .text.__aeabi_lmul
                0x0000000010004194       0x32 CMakeFiles/gps_app.dir/home/isaac/pico/pico-sdk/src/rp2_common/pico_int64_ops/pico_int64_ops_aeabi.S.obj
                0x0000000010004194                __wrap___aeabi_lmul
 *fill*         0x00000000100041c6        0x2 
 .text.__wrap___aeabi_cfcmple
                0x00000000100041c8       0x50 CMakeFiles/gps_app.dir/home/isaac/pico/pico-sdk/src/rp2_common/pico_float/float_aeabi.S.obj
                0x00000000100041c8                __wrap___aeabi_cfrcmple
                0x00000000100041d4                __wrap___aeabi_cfcmpeq
                0x00000000100041d4                __wrap___aeabi_cfcmple
 .text.__wrap___aeabi_fcmple
                0x0000000010004218       0x10 CMakeFiles/gps_app.dir/home/isaac/pico/pico-sdk/src/rp2_common/pico_float/float_aeabi.S.obj
                0x0000000010004218                __wrap___aeabi_fcmple
 .text.__wrap___aeabi_fcmpun
                0x0000000010004228       0x18 CMakeFiles/gps_app.dir/home/isaac/pico/pico-sdk/src/rp2_common/pico_float/float_aeabi.S.obj
                0x0000000010004228                __wrap___aeabi_fcmpun
 .text.missing_float_func_shim
                0x0000000010004240        0xc CMakeFiles/gps_app.dir/home/isaac/pico/pico-sdk/src/rp2_common/pico_float/float_init_rom.c.obj
 .text.__aeabi_float_init
                0x000000001000424c       0x5c CMakeFiles/gps_app.dir/home/isaac/pico/pico-sdk/src/rp2_common/pico_float/float_init_rom.c.obj
                0x000000001000424c                __aeabi_float_init
 .text          0x00000000100042a8       0x10 CMakeFiles/gps_app.dir/home/isaac/pico/pico-sdk/src/rp2_common/pico_mem_ops/mem_ops_aeabi.S.obj
                0x00000000100042a8                __aeabi_mem_init
 .text.memset   0x00000000100042b8        0xc CMakeFiles/gps_app.dir/home/isaac/pico/pico-sdk/src/rp2_common/pico_mem_ops/mem_ops_aeabi.S.obj
                0x00000000100042b8                __wrap_memset
 .text.memcpy   0x00000000100042c4        0xc CMakeFiles/gps_app.dir/home/isaac/pico/pico-sdk/src/rp2_common/pico_mem_ops/mem_ops_aeabi.S.obj
                0x00000000100042c4                __wrap___aeabi_memcpy
                0x00000000100042c4                __wrap_memcpy
 .text.stdio_out_chars_no_crlf
                0x00000000100042d0       0x10 CMakeFiles/gps_app.dir/home/isaac/pico/pico-sdk/src/rp2_common/pico_stdio/stdio.c.obj
 .text.stdio_out_chars_crlf
                0x00000000100042e0       0xb4 CMakeFiles/gps_app.dir/home/isaac/pico/pico-sdk/src/rp2_common/pico_stdio/stdio.c.obj
 .text.stdio_put_string.isra.0
                0x0000000010004394       0xfc CMakeFiles/gps_app.dir/home/isaac/pico/pico-sdk/src/rp2_common/pico_stdio/stdio.c.obj
 .text.__wrap_putchar
                0x0000000010004490       0x98 CMakeFiles/gps_app.dir/home/isaac/pico/pico-sdk/src/rp2_common/pico_stdio/stdio.c.obj
                0x0000000010004490                __wrap_putchar
 .text.__wrap_puts
                0x0000000010004528       0x3c CMakeFiles/gps_app.dir/home/isaac/pico/pico-sdk/src/rp2_common/pico_stdio/stdio.c.obj
                0x0000000010004528                __wrap_puts
 .text.stdio_set_driver_enabled
                0x0000000010004564       0x30 CMakeFiles/gps_app.dir/home/isaac/pico/pico-sdk/src/rp2_common/pico_stdio/stdio.c.obj
                0x0000000010004564                stdio_set_driver_enabled
 .text.stdio_init_all
                0x0000000010004594       0x10 CMakeFiles/gps_app.dir/home/isaac/pico/pico-sdk/src/rp2_common/pico_stdio/stdio.c.obj
                0x0000000010004594                stdio_init_all
 .text.stdio_uart_out_chars
                0x00000000100045a4       0x4c CMakeFiles/gps_app.dir/home/isaac/pico/pico-sdk/src/rp2_common/pico_stdio_uart/stdio_uart.c.obj
 .text.stdio_uart_in_chars
                0x00000000100045f0       0x84 CMakeFiles/gps_app.dir/home/isaac/pico/pico-sdk/src/rp2_common/pico_stdio_uart/stdio_uart.c.obj
                0x00000000100045f0                stdio_uart_in_chars
 .text.on_uart_rx
                0x0000000010004674       0x28 CMakeFiles/gps_app.dir/home/isaac/pico/pico-sdk/src/rp2_common/pico_stdio_uart/stdio_uart.c.obj
 .text.stdio_uart_set_chars_available_callback
                0x000000001000469c       0x8c CMakeFiles/gps_app.dir/home/isaac/pico/pico-sdk/src/rp2_common/pico_stdio_uart/stdio_uart.c.obj
 .text.stdio_uart_init
                0x0000000010004728       0x48 CMakeFiles/gps_app.dir/home/isaac/pico/pico-sdk/src/rp2_common/pico_stdio_uart/stdio_uart.c.obj
                0x0000000010004728                stdio_uart_init
 .text.resetd_init
                0x0000000010004770        0x4 CMakeFiles/gps_app.dir/home/isaac/pico/pico-sdk/src/rp2_common/pico_stdio_usb/reset_interface.c.obj
 .text.resetd_reset
                0x0000000010004774        0xc CMakeFiles/gps_app.dir/home/isaac/pico/pico-sdk/src/rp2_common/pico_stdio_usb/reset_interface.c.obj
 .text.resetd_open
                0x0000000010004780       0x28 CMakeFiles/gps_app.dir/home/isaac/pico/pico-sdk/src/rp2_common/pico_stdio_usb/reset_interface.c.obj
 .text.resetd_xfer_cb
                0x00000000100047a8        0x4 CMakeFiles/gps_app.dir/home/isaac/pico/pico-sdk/src/rp2_common/pico_stdio_usb/reset_interface.c.obj
 .text.resetd_control_xfer_cb
                0x00000000100047ac       0x64 CMakeFiles/gps_app.dir/home/isaac/pico/pico-sdk/src/rp2_common/pico_stdio_usb/reset_interface.c.obj
 .text.usbd_app_driver_get_cb
                0x0000000010004810        0xc CMakeFiles/gps_app.dir/home/isaac/pico/pico-sdk/src/rp2_common/pico_stdio_usb/reset_interface.c.obj
                0x0000000010004810                usbd_app_driver_get_cb
 .text.tud_cdc_line_coding_cb
                0x000000001000481c       0x34 CMakeFiles/gps_app.dir/home/isaac/pico/pico-sdk/src/rp2_common/pico_stdio_usb/reset_interface.c.obj
                0x000000001000481c                tud_cdc_line_coding_cb
 .text.stdio_usb_set_chars_available_callback
                0x0000000010004850       0x14 CMakeFiles/gps_app.dir/home/isaac/pico/pico-sdk/src/rp2_common/pico_stdio_usb/stdio_usb.c.obj
                0x0000000010004850                stdio_usb_set_chars_available_callback
 .text.usb_irq  0x0000000010004864       0x10 CMakeFiles/gps_app.dir/home/isaac/pico/pico-sdk/src/rp2_common/pico_stdio_usb/stdio_usb.c.obj
 .text.timer_task
                0x0000000010004874       0x54 CMakeFiles/gps_app.dir/home/isaac/pico/pico-sdk/src/rp2_common/pico_stdio_usb/stdio_usb.c.obj
 .text.stdio_usb_in_chars
                0x00000000100048c8       0x90 CMakeFiles/gps_app.dir/home/isaac/pico/pico-sdk/src/rp2_common/pico_stdio_usb/stdio_usb.c.obj
                0x00000000100048c8                stdio_usb_in_chars
 .text.stdio_usb_out_chars
                0x0000000010004958      0x100 CMakeFiles/gps_app.dir/home/isaac/pico/pico-sdk/src/rp2_common/pico_stdio_usb/stdio_usb.c.obj
 .text.low_priority_worker_irq
                0x0000000010004a58       0xa8 CMakeFiles/gps_app.dir/home/isaac/pico/pico-sdk/src/rp2_common/pico_stdio_usb/stdio_usb.c.obj
 .text.tud_cdc_rx_cb
                0x0000000010004b00       0x20 CMakeFiles/gps_app.dir/home/isaac/pico/pico-sdk/src/rp2_common/pico_stdio_usb/stdio_usb.c.obj
                0x0000000010004b00                tud_cdc_rx_cb
 .text.stdio_usb_init
                0x0000000010004b20       0xdc CMakeFiles/gps_app.dir/home/isaac/pico/pico-sdk/src/rp2_common/pico_stdio_usb/stdio_usb.c.obj
                0x0000000010004b20                stdio_usb_init
 .text.tud_descriptor_device_cb
                0x0000000010004bfc        0x8 CMakeFiles/gps_app.dir/home/isaac/pico/pico-sdk/src/rp2_common/pico_stdio_usb/stdio_usb_descriptors.c.obj
                0x0000000010004bfc                tud_descriptor_device_cb
 .text.tud_descriptor_configuration_cb
                0x0000000010004c04        0x8 CMakeFiles/gps_app.dir/home/isaac/pico/pico-sdk/src/rp2_common/pico_stdio_usb/stdio_usb_descriptors.c.obj
                0x0000000010004c04                tud_descriptor_configuration_cb
 .text.tud_descriptor_string_cb
                0x0000000010004c0c       0x74 CMakeFiles/gps_app.dir/home/isaac/pico/pico-sdk/src/rp2_common/pico_stdio_usb/stdio_usb_descriptors.c.obj
                0x0000000010004c0c                tud_descriptor_string_cb
 .text.startup._retrieve_unique_id_on_boot
                0x0000000010004c80       0x10 CMakeFiles/gps_app.dir/home/isaac/pico/pico-sdk/src/rp2_common/pico_unique_id/unique_id.c.obj
 .text.pico_get_unique_board_id_string
                0x0000000010004c90      0x1a8 CMakeFiles/gps_app.dir/home/isaac/pico/pico-sdk/src/rp2_common/pico_unique_id/unique_id.c.obj
                0x0000000010004c90                pico_get_unique_board_id_string
 .text.flash_get_unique_id
                0x0000000010004e38       0x40 CMakeFiles/gps_app.dir/home/isaac/pico/pico-sdk/src/rp2_common/hardware_flash/flash.c.obj
                0x0000000010004e38                flash_get_unique_id
 .text.dcd_int_enable
                0x0000000010004e78        0xc CMakeFiles/gps_app.dir/home/isaac/pico/pico-sdk/lib/tinyusb/src/portable/raspberrypi/rp2040/dcd_rp2040.c.obj
                0x0000000010004e78                dcd_int_enable
 .text.dcd_set_address
                0x0000000010004e84       0x14 CMakeFiles/gps_app.dir/home/isaac/pico/pico-sdk/lib/tinyusb/src/portable/raspberrypi/rp2040/dcd_rp2040.c.obj
                0x0000000010004e84                dcd_set_address
 .text.dcd_connect
                0x0000000010004e98       0x10 CMakeFiles/gps_app.dir/home/isaac/pico/pico-sdk/lib/tinyusb/src/portable/raspberrypi/rp2040/dcd_rp2040.c.obj
                0x0000000010004e98                dcd_connect
 .text.dcd_init
                0x0000000010004ea8       0x98 CMakeFiles/gps_app.dir/home/isaac/pico/pico-sdk/lib/tinyusb/src/portable/raspberrypi/rp2040/dcd_rp2040.c.obj
                0x0000000010004ea8                dcd_init
 .text.dcd_edpt0_status_complete
                0x0000000010004f40       0x1c CMakeFiles/gps_app.dir/home/isaac/pico/pico-sdk/lib/tinyusb/src/portable/raspberrypi/rp2040/dcd_rp2040.c.obj
                0x0000000010004f40                dcd_edpt0_status_complete
 .text.dcd_edpt_open
                0x0000000010004f5c      0x108 CMakeFiles/gps_app.dir/home/isaac/pico/pico-sdk/lib/tinyusb/src/portable/raspberrypi/rp2040/dcd_rp2040.c.obj
                0x0000000010004f5c                dcd_edpt_open
 .text.dcd_edpt_close_all
                0x0000000010005064        0x8 CMakeFiles/gps_app.dir/home/isaac/pico/pico-sdk/lib/tinyusb/src/portable/raspberrypi/rp2040/dcd_rp2040.c.obj
                0x0000000010005064                dcd_edpt_close_all
 .text.dcd_edpt_xfer
                0x000000001000506c       0x24 CMakeFiles/gps_app.dir/home/isaac/pico/pico-sdk/lib/tinyusb/src/portable/raspberrypi/rp2040/dcd_rp2040.c.obj
                0x000000001000506c                dcd_edpt_xfer
 .text.dcd_edpt_stall
                0x0000000010005090       0x38 CMakeFiles/gps_app.dir/home/isaac/pico/pico-sdk/lib/tinyusb/src/portable/raspberrypi/rp2040/dcd_rp2040.c.obj
                0x0000000010005090                dcd_edpt_stall
 .text.dcd_edpt_clear_stall
                0x00000000100050c8       0x30 CMakeFiles/gps_app.dir/home/isaac/pico/pico-sdk/lib/tinyusb/src/portable/raspberrypi/rp2040/dcd_rp2040.c.obj
                0x00000000100050c8                dcd_edpt_clear_stall
 .text.rp2040_usb_init
                0x00000000100050f8       0x4c CMakeFiles/gps_app.dir/home/isaac/pico/pico-sdk/lib/tinyusb/src/portable/raspberrypi/rp2040/rp2040_usb.c.obj
                0x00000000100050f8                rp2040_usb_init
 .text.hw_endpoint_xfer_start
                0x0000000010005144       0x50 CMakeFiles/gps_app.dir/home/isaac/pico/pico-sdk/lib/tinyusb/src/portable/raspberrypi/rp2040/rp2040_usb.c.obj
                0x0000000010005144                hw_endpoint_xfer_start
 .text.tud_mounted
                0x0000000010005194       0x10 CMakeFiles/gps_app.dir/home/isaac/pico/pico-sdk/lib/tinyusb/src/device/usbd.c.obj
                0x0000000010005194                tud_mounted
 .text.tud_suspended
                0x00000000100051a4       0x10 CMakeFiles/gps_app.dir/home/isaac/pico/pico-sdk/lib/tinyusb/src/device/usbd.c.obj
                0x00000000100051a4                tud_suspended
 .text.tud_inited
                0x00000000100051b4       0x14 CMakeFiles/gps_app.dir/home/isaac/pico/pico-sdk/lib/tinyusb/src/device/usbd.c.obj
                0x00000000100051b4                tud_inited
 .text.tud_init
                0x00000000100051c8       0xe4 CMakeFiles/gps_app.dir/home/isaac/pico/pico-sdk/lib/tinyusb/src/device/usbd.c.obj
                0x00000000100051c8                tud_init
 .text.tud_task_ext
                0x00000000100052ac      0x854 CMakeFiles/gps_app.dir/home/isaac/pico/pico-sdk/lib/tinyusb/src/device/usbd.c.obj
                0x00000000100052ac                tud_task_ext
 .text.usbd_open_edpt_pair
                0x0000000010005b00       0x9c CMakeFiles/gps_app.dir/home/isaac/pico/pico-sdk/lib/tinyusb/src/device/usbd.c.obj
                0x0000000010005b00                usbd_open_edpt_pair
 .text.usbd_defer_func
                0x0000000010005b9c       0x48 CMakeFiles/gps_app.dir/home/isaac/pico/pico-sdk/lib/tinyusb/src/device/usbd.c.obj
                0x0000000010005b9c                usbd_defer_func
 .text.usbd_edpt_open
                0x0000000010005be4       0x34 CMakeFiles/gps_app.dir/home/isaac/pico/pico-sdk/lib/tinyusb/src/device/usbd.c.obj
                0x0000000010005be4                usbd_edpt_open
 .text.usbd_edpt_claim
                0x0000000010005c18       0x28 CMakeFiles/gps_app.dir/home/isaac/pico/pico-sdk/lib/tinyusb/src/device/usbd.c.obj
                0x0000000010005c18                usbd_edpt_claim
 .text.usbd_edpt_release
                0x0000000010005c40       0x28 CMakeFiles/gps_app.dir/home/isaac/pico/pico-sdk/lib/tinyusb/src/device/usbd.c.obj
                0x0000000010005c40                usbd_edpt_release
 .text.usbd_edpt_xfer
                0x0000000010005c68       0x4c CMakeFiles/gps_app.dir/home/isaac/pico/pico-sdk/lib/tinyusb/src/device/usbd.c.obj
                0x0000000010005c68                usbd_edpt_xfer
 .text.tud_control_status
                0x0000000010005cb4       0x30 CMakeFiles/gps_app.dir/home/isaac/pico/pico-sdk/lib/tinyusb/src/device/usbd_control.c.obj
                0x0000000010005cb4                tud_control_status
 .text.tud_control_xfer
                0x0000000010005ce4       0xbc CMakeFiles/gps_app.dir/home/isaac/pico/pico-sdk/lib/tinyusb/src/device/usbd_control.c.obj
                0x0000000010005ce4                tud_control_xfer
 .text.usbd_control_reset
                0x0000000010005da0       0x14 CMakeFiles/gps_app.dir/home/isaac/pico/pico-sdk/lib/tinyusb/src/device/usbd_control.c.obj
                0x0000000010005da0                usbd_control_reset
 .text.usbd_control_set_complete_callback
                0x0000000010005db4        0xc CMakeFiles/gps_app.dir/home/isaac/pico/pico-sdk/lib/tinyusb/src/device/usbd_control.c.obj
                0x0000000010005db4                usbd_control_set_complete_callback
 .text.usbd_control_set_request
                0x0000000010005dc0       0x1c CMakeFiles/gps_app.dir/home/isaac/pico/pico-sdk/lib/tinyusb/src/device/usbd_control.c.obj
                0x0000000010005dc0                usbd_control_set_request
 .text.usbd_control_xfer_cb
                0x0000000010005ddc       0xfc CMakeFiles/gps_app.dir/home/isaac/pico/pico-sdk/lib/tinyusb/src/device/usbd_control.c.obj
                0x0000000010005ddc                usbd_control_xfer_cb
 .text.tud_cdc_n_connected
                0x0000000010005ed8       0x30 CMakeFiles/gps_app.dir/home/isaac/pico/pico-sdk/lib/tinyusb/src/class/cdc/cdc_device.c.obj
                0x0000000010005ed8                tud_cdc_n_connected
 .text.tud_cdc_n_available
                0x0000000010005f08       0x18 CMakeFiles/gps_app.dir/home/isaac/pico/pico-sdk/lib/tinyusb/src/class/cdc/cdc_device.c.obj
                0x0000000010005f08                tud_cdc_n_available
 .text.tud_cdc_n_read
                0x0000000010005f20       0x70 CMakeFiles/gps_app.dir/home/isaac/pico/pico-sdk/lib/tinyusb/src/class/cdc/cdc_device.c.obj
                0x0000000010005f20                tud_cdc_n_read
 .text.tud_cdc_n_write_flush
                0x0000000010005f90       0x78 CMakeFiles/gps_app.dir/home/isaac/pico/pico-sdk/lib/tinyusb/src/class/cdc/cdc_device.c.obj
                0x0000000010005f90                tud_cdc_n_write_flush
 .text.tud_cdc_n_write
                0x0000000010006008       0x34 CMakeFiles/gps_app.dir/home/isaac/pico/pico-sdk/lib/tinyusb/src/class/cdc/cdc_device.c.obj
                0x0000000010006008                tud_cdc_n_write
 .text.tud_cdc_n_write_available
                0x000000001000603c       0x18 CMakeFiles/gps_app.dir/home/isaac/pico/pico-sdk/lib/tinyusb/src/class/cdc/cdc_device.c.obj
                0x000000001000603c                tud_cdc_n_write_available
 .text.cdcd_init
                0x0000000010006054       0x7c CMakeFiles/gps_app.dir/home/isaac/pico/pico-sdk/lib/tinyusb/src/class/cdc/cdc_device.c.obj
                0x0000000010006054                cdcd_init
 .text.cdcd_reset
                0x00000000100060d0       0x2c CMakeFiles/gps_app.dir/home/isaac/pico/pico-sdk/lib/tinyusb/src/class/cdc/cdc_device.c.obj
                0x00000000100060d0                cdcd_reset
 .text.cdcd_open
                0x00000000100060fc       0xe8 CMakeFiles/gps_app.dir/home/isaac/pico/pico-sdk/lib/tinyusb/src/class/cdc/cdc_device.c.obj
                0x00000000100060fc                cdcd_open
 .text.cdcd_control_xfer_cb
                0x00000000100061e4       0xe4 CMakeFiles/gps_app.dir/home/isaac/pico/pico-sdk/lib/tinyusb/src/class/cdc/cdc_device.c.obj
                0x00000000100061e4                cdcd_control_xfer_cb
 .text.cdcd_xfer_cb
                0x00000000100062c8      0x148 CMakeFiles/gps_app.dir/home/isaac/pico/pico-sdk/lib/tinyusb/src/class/cdc/cdc_device.c.obj
                0x00000000100062c8                cdcd_xfer_cb
 .text.tusb_init
                0x0000000010006410        0xc CMakeFiles/gps_app.dir/home/isaac/pico/pico-sdk/lib/tinyusb/src/tusb.c.obj
                0x0000000010006410                tusb_init
 .text.tusb_inited
                0x000000001000641c        0x8 CMakeFiles/gps_app.dir/home/isaac/pico/pico-sdk/lib/tinyusb/src/tusb.c.obj
                0x000000001000641c                tusb_inited
 .text.tu_edpt_claim
                0x0000000010006424       0x50 CMakeFiles/gps_app.dir/home/isaac/pico/pico-sdk/lib/tinyusb/src/tusb.c.obj
                0x0000000010006424                tu_edpt_claim
 .text.tu_edpt_release
                0x0000000010006474       0x38 CMakeFiles/gps_app.dir/home/isaac/pico/pico-sdk/lib/tinyusb/src/tusb.c.obj
                0x0000000010006474                tu_edpt_release
 .text.tu_edpt_validate
                0x00000000100064ac       0x78 CMakeFiles/gps_app.dir/home/isaac/pico/pico-sdk/lib/tinyusb/src/tusb.c.obj
                0x00000000100064ac                tu_edpt_validate
 .text.tu_edpt_bind_driver
                0x0000000010006524       0x34 CMakeFiles/gps_app.dir/home/isaac/pico/pico-sdk/lib/tinyusb/src/tusb.c.obj
                0x0000000010006524                tu_edpt_bind_driver
 .text.tu_fifo_config
                0x0000000010006558       0x70 CMakeFiles/gps_app.dir/home/isaac/pico/pico-sdk/lib/tinyusb/src/common/tusb_fifo.c.obj
                0x0000000010006558                tu_fifo_config
 .text.tu_fifo_count
                0x00000000100065c8       0x2c CMakeFiles/gps_app.dir/home/isaac/pico/pico-sdk/lib/tinyusb/src/common/tusb_fifo.c.obj
                0x00000000100065c8                tu_fifo_count
 .text.tu_fifo_empty
                0x00000000100065f4       0x10 CMakeFiles/gps_app.dir/home/isaac/pico/pico-sdk/lib/tinyusb/src/common/tusb_fifo.c.obj
                0x00000000100065f4                tu_fifo_empty
 .text.tu_fifo_remaining
                0x0000000010006604       0x2c CMakeFiles/gps_app.dir/home/isaac/pico/pico-sdk/lib/tinyusb/src/common/tusb_fifo.c.obj
                0x0000000010006604                tu_fifo_remaining
 .text.tu_fifo_read
                0x0000000010006630       0xa0 CMakeFiles/gps_app.dir/home/isaac/pico/pico-sdk/lib/tinyusb/src/common/tusb_fifo.c.obj
                0x0000000010006630                tu_fifo_read
 .text.tu_fifo_read_n
                0x00000000100066d0       0xec CMakeFiles/gps_app.dir/home/isaac/pico/pico-sdk/lib/tinyusb/src/common/tusb_fifo.c.obj
                0x00000000100066d0                tu_fifo_read_n
 .text.tu_fifo_write
                0x00000000100067bc       0x88 CMakeFiles/gps_app.dir/home/isaac/pico/pico-sdk/lib/tinyusb/src/common/tusb_fifo.c.obj
                0x00000000100067bc                tu_fifo_write
 .text.tu_fifo_write_n
                0x0000000010006844      0x168 CMakeFiles/gps_app.dir/home/isaac/pico/pico-sdk/lib/tinyusb/src/common/tusb_fifo.c.obj
                0x0000000010006844                tu_fifo_write_n
 .text.tu_fifo_clear
                0x00000000100069ac       0x40 CMakeFiles/gps_app.dir/home/isaac/pico/pico-sdk/lib/tinyusb/src/common/tusb_fifo.c.obj
                0x00000000100069ac                tu_fifo_clear
 .text.tu_fifo_set_overwritable
                0x00000000100069ec       0x48 CMakeFiles/gps_app.dir/home/isaac/pico/pico-sdk/lib/tinyusb/src/common/tusb_fifo.c.obj
                0x00000000100069ec                tu_fifo_set_overwritable
 .text          0x0000000010006a34       0x5c /usr/lib/gcc/arm-none-eabi/10.3.1/../../../arm-none-eabi/lib/thumb/v6-m/nofp/libc.a(lib_a-callocr.o)
                0x0000000010006a34                _calloc_r
 .text          0x0000000010006a90      0x574 /usr/lib/gcc/arm-none-eabi/10.3.1/../../../arm-none-eabi/lib/thumb/v6-m/nofp/libc.a(lib_a-mallocr.o)
                0x0000000010006a90                _malloc_r
 .text          0x0000000010007004        0x8 /usr/lib/gcc/arm-none-eabi/10.3.1/../../../arm-none-eabi/lib/thumb/v6-m/nofp/libc.a(lib_a-mlock.o)
                0x0000000010007004                __malloc_lock
                0x0000000010007008                __malloc_unlock
 .text          0x000000001000700c       0x24 /usr/lib/gcc/arm-none-eabi/10.3.1/../../../arm-none-eabi/lib/thumb/v6-m/nofp/libc.a(lib_a-sbrkr.o)
                0x000000001000700c                _sbrk_r
 .text          0x0000000010007030       0x5c /usr/lib/gcc/arm-none-eabi/10.3.1/../../../arm-none-eabi/lib/thumb/v6-m/nofp/libc.a(lib_a-strlen-stub.o)
                0x0000000010007030                strlen
 .text          0x000000001000708c       0x74 /usr/lib/gcc/arm-none-eabi/10.3.1/../../../arm-none-eabi/lib/thumb/v6-m/nofp/libc.a(lib_a-strncmp.o)
                0x000000001000708c                strncmp
 .text          0x0000000010007100     0x1128 /usr/lib/gcc/arm-none-eabi/10.3.1/../../../arm-none-eabi/lib/thumb/v6-m/nofp/libc.a(lib_a-strtod.o)
                0x0000000010007100                _strtod_l
                0x0000000010008080                _strtod_r
                0x0000000010008090                strtod_l
                0x00000000100080a8                strtod
                0x00000000100080c4                strtof_l
                0x0000000010008174                strtof
 .text          0x0000000010008228       0x14 /usr/lib/gcc/arm-none-eabi/10.3.1/../../../arm-none-eabi/lib/thumb/v6-m/nofp/libc.a(lib_a-strtok.o)
                0x0000000010008228                strtok
 .text          0x000000001000823c       0x78 /usr/lib/gcc/arm-none-eabi/10.3.1/../../../arm-none-eabi/lib/thumb/v6-m/nofp/libc.a(lib_a-strtok_r.o)
                0x000000001000823c                __strtok_r
                0x00000000100082a8                strtok_r
 .text          0x00000000100082b4      0x260 /usr/lib/gcc/arm-none-eabi/10.3.1/../../../arm-none-eabi/lib/thumb/v6-m/nofp/libc.a(lib_a-freer.o)
                0x00000000100082b4                _malloc_trim_r
                0x0000000010008350                _free_r
 .text          0x0000000010008514      0x670 /usr/lib/gcc/arm-none-eabi/10.3.1/../../../arm-none-eabi/lib/thumb/v6-m/nofp/libc.a(lib_a-gdtoa-gethex.o)
                0x00000000100085b8                __gethex
 .text          0x0000000010008b84      0x1fc /usr/lib/gcc/arm-none-eabi/10.3.1/../../../arm-none-eabi/lib/thumb/v6-m/nofp/libc.a(lib_a-gdtoa-hexnan.o)
                0x0000000010008b84                __match
                0x0000000010008bb0                __hexnan
 .text          0x0000000010008d80       0x44 /usr/lib/gcc/arm-none-eabi/10.3.1/../../../arm-none-eabi/lib/thumb/v6-m/nofp/libc.a(lib_a-mbtowc_r.o)
                0x0000000010008d80                _mbtowc_r
                0x0000000010008d98                __ascii_mbtowc
 .text          0x0000000010008dc4      0xafc /usr/lib/gcc/arm-none-eabi/10.3.1/../../../arm-none-eabi/lib/thumb/v6-m/nofp/libc.a(lib_a-mprec.o)
                0x0000000010008dc4                _Balloc
                0x0000000010008e14                _Bfree
                0x0000000010008e28                __multadd
                0x0000000010008ed0                __s2b
                0x0000000010008f80                __hi0bits
                0x0000000010008fb8                __lo0bits
                0x0000000010009014                __i2b
                0x0000000010009074                __multiply
                0x0000000010009218                __pow5mult
                0x00000000100092f0                __lshift
                0x00000000100093ec                __mcmp
                0x0000000010009420                __mdiff
                0x00000000100095ac                __ulp
                0x00000000100095f4                __b2d
                0x00000000100096bc                __d2b
                0x0000000010009794                __ratio
                0x00000000100097fc                _mprec_log10
                0x0000000010009830                __copybits
                0x0000000010009870                __any_on
 .text          0x00000000100098c0        0xc /usr/lib/gcc/arm-none-eabi/10.3.1/../../../arm-none-eabi/lib/thumb/v6-m/nofp/libc.a(lib_a-s_nan.o)
                0x00000000100098c0                nan
 .text          0x00000000100098cc        0x8 /usr/lib/gcc/arm-none-eabi/10.3.1/../../../arm-none-eabi/lib/thumb/v6-m/nofp/libc.a(lib_a-sf_nan.o)
                0x00000000100098cc                nanf
 .text          0x00000000100098d4       0x2c /usr/lib/gcc/arm-none-eabi/10.3.1/../../../arm-none-eabi/lib/thumb/v6-m/nofp/libc.a(lib_a-wctomb_r.o)
                0x00000000100098d4                _wctomb_r
                0x00000000100098e4                __ascii_wctomb
 *(.fini)
 .fini          0x0000000010009900        0x4 /usr/lib/gcc/arm-none-eabi/10.3.1/thumb/v6-m/nofp/crti.o
                0x0000000010009900                _fini
 *fill*         0x0000000010009904        0x4 
 .fini.__stub   0x0000000010009908       0xd0 linker stubs
 *crtbegin.o(.ctors)
 *crtbegin?.o(.ctors)
 *(EXCLUDE_FILE(*crtend.o *crtend?.o) .ctors)
 *(SORT_BY_NAME(.ctors.*))
 *(.ctors)
 *crtbegin.o(.dtors)
 *crtbegin?.o(.dtors)
 *(EXCLUDE_FILE(*crtend.o *crtend?.o) .dtors)
 *(SORT_BY_NAME(.dtors.*))
 *(.dtors)
 *(.eh_frame*)
 .eh_frame      0x00000000100099d8        0x0 /usr/lib/gcc/arm-none-eabi/10.3.1/thumb/v6-m/nofp/crtbegin.o
                0x00000000100099d8                . = ALIGN (0x4)

.glue_7         0x00000000100099d8        0x0
 .glue_7        0x00000000100099d8        0x0 linker stubs

.glue_7t        0x00000000100099d8        0x0
 .glue_7t       0x00000000100099d8        0x0 linker stubs

.vfp11_veneer   0x00000000100099d8        0x0
 .vfp11_veneer  0x00000000100099d8        0x0 linker stubs

.v4_bx          0x00000000100099d8        0x0
 .v4_bx         0x00000000100099d8        0x0 linker stubs

.iplt           0x00000000100099d8        0x0
 .iplt          0x00000000100099d8        0x0 /usr/lib/gcc/arm-none-eabi/10.3.1/thumb/v6-m/nofp/crtbegin.o

.rodata         0x00000000100099d8      0xac4
 *(EXCLUDE_FILE(*libm.a: *libc.a:*lib_a-mem*.o *libgcc.a:) .rodata*)
 .rodata.getLocalizacao.str1.4
                0x00000000100099d8       0x15 CMakeFiles/gps_app.dir/main.c.obj
 *fill*         0x00000000100099ed        0x3 
 .rodata.main.str1.4
                0x00000000100099f0        0x3 CMakeFiles/gps_app.dir/main.c.obj
 *fill*         0x00000000100099f3        0x1 
 .rodata.spin_lock_claim_unused.str1.4
                0x00000000100099f4       0x1b CMakeFiles/gps_app.dir/home/isaac/pico/pico-sdk/src/rp2_common/hardware_sync/sync.c.obj
 *fill*         0x0000000010009a0f        0x1 
 .rodata.user_irq_claim_unused.str1.4
                0x0000000010009a10       0x1b CMakeFiles/gps_app.dir/home/isaac/pico/pico-sdk/src/rp2_common/hardware_irq/irq.c.obj
 *fill*         0x0000000010009a2b        0x1 
 .rodata.hardware_alarm_claim.str1.4
                0x0000000010009a2c       0x22 CMakeFiles/gps_app.dir/home/isaac/pico/pico-sdk/src/rp2_common/hardware_timer/timer.c.obj
 *fill*         0x0000000010009a4e        0x2 
 .rodata.__assert_func.str1.4
                0x0000000010009a50       0x3f CMakeFiles/gps_app.dir/home/isaac/pico/pico-sdk/src/rp2_common/pico_runtime/runtime.c.obj
                                         0x43 (size before relaxing)
 *fill*         0x0000000010009a8f        0x1 
 .rodata.panic.str1.4
                0x0000000010009a90       0x10 CMakeFiles/gps_app.dir/home/isaac/pico/pico-sdk/src/rp2_common/pico_runtime/runtime.c.obj
                                         0x12 (size before relaxing)
 .rodata.hard_assertion_failure.str1.4
                0x0000000010009aa0        0xc CMakeFiles/gps_app.dir/home/isaac/pico/pico-sdk/src/rp2_common/pico_runtime/runtime.c.obj
 .rodata._ftoa.str1.4
                0x0000000010009aac       0x15 CMakeFiles/gps_app.dir/home/isaac/pico/pico-sdk/src/rp2_common/pico_printf/printf.c.obj
 *fill*         0x0000000010009ac1        0x3 
 .rodata._vsnprintf
                0x0000000010009ac4      0x1e0 CMakeFiles/gps_app.dir/home/isaac/pico/pico-sdk/src/rp2_common/pico_printf/printf.c.obj
 *fill*         0x0000000010009ca4        0x4 
 .rodata.pow10.0
                0x0000000010009ca8       0x50 CMakeFiles/gps_app.dir/home/isaac/pico/pico-sdk/src/rp2_common/pico_printf/printf.c.obj
 .rodata.missing_double_func_shim.str1.4
                0x0000000010009cf8       0x18 CMakeFiles/gps_app.dir/home/isaac/pico/pico-sdk/src/rp2_common/pico_double/double_init_rom.c.obj
 .rodata.missing_float_func_shim.str1.4
                0x0000000010009d10        0x1 CMakeFiles/gps_app.dir/home/isaac/pico/pico-sdk/src/rp2_common/pico_float/float_init_rom.c.obj
 .rodata.str1.4
                0x0000000010009d10       0x3c CMakeFiles/gps_app.dir/home/isaac/pico/pico-sdk/src/rp2_common/pico_standard_link/binary_info.c.obj
 .rodata.__bi_44
                0x0000000010009d4c        0xc CMakeFiles/gps_app.dir/home/isaac/pico/pico-sdk/src/rp2_common/pico_standard_link/binary_info.c.obj
 .rodata.__bi_75
                0x0000000010009d58        0xc CMakeFiles/gps_app.dir/home/isaac/pico/pico-sdk/src/rp2_common/pico_standard_link/binary_info.c.obj
 .rodata.__bi_81
                0x0000000010009d64        0xc CMakeFiles/gps_app.dir/home/isaac/pico/pico-sdk/src/rp2_common/pico_standard_link/binary_info.c.obj
 .rodata.crlf_str.0
                0x0000000010009d70        0x2 CMakeFiles/gps_app.dir/home/isaac/pico/pico-sdk/src/rp2_common/pico_stdio/stdio.c.obj
 *fill*         0x0000000010009d72        0x2 
 .rodata.str1.4
                0x0000000010009d74       0x2c CMakeFiles/gps_app.dir/home/isaac/pico/pico-sdk/src/rp2_common/pico_stdio_uart/stdio_uart.c.obj
 .rodata.__bi_33.4
                0x0000000010009da0        0xc CMakeFiles/gps_app.dir/home/isaac/pico/pico-sdk/src/rp2_common/pico_stdio_uart/stdio_uart.c.obj
 .rodata.__bi_34.5
                0x0000000010009dac        0x8 CMakeFiles/gps_app.dir/home/isaac/pico/pico-sdk/src/rp2_common/pico_stdio_uart/stdio_uart.c.obj
 .rodata._resetd_driver
                0x0000000010009db4       0x18 CMakeFiles/gps_app.dir/home/isaac/pico/pico-sdk/src/rp2_common/pico_stdio_usb/reset_interface.c.obj
 .rodata.str1.4
                0x0000000010009dcc       0x13 CMakeFiles/gps_app.dir/home/isaac/pico/pico-sdk/src/rp2_common/pico_stdio_usb/stdio_usb.c.obj
 *fill*         0x0000000010009ddf        0x1 
 .rodata.__bi_182.0
                0x0000000010009de0        0xc CMakeFiles/gps_app.dir/home/isaac/pico/pico-sdk/src/rp2_common/pico_stdio_usb/stdio_usb.c.obj
 .rodata.str1.4
                0x0000000010009dec       0x2a CMakeFiles/gps_app.dir/home/isaac/pico/pico-sdk/src/rp2_common/pico_stdio_usb/stdio_usb_descriptors.c.obj
 *fill*         0x0000000010009e16        0x2 
 .rodata.usbd_desc_cfg
                0x0000000010009e18       0x54 CMakeFiles/gps_app.dir/home/isaac/pico/pico-sdk/src/rp2_common/pico_stdio_usb/stdio_usb_descriptors.c.obj
 .rodata.usbd_desc_device
                0x0000000010009e6c       0x12 CMakeFiles/gps_app.dir/home/isaac/pico/pico-sdk/src/rp2_common/pico_stdio_usb/stdio_usb_descriptors.c.obj
 *fill*         0x0000000010009e7e        0x2 
 .rodata.usbd_desc_str
                0x0000000010009e80       0x18 CMakeFiles/gps_app.dir/home/isaac/pico/pico-sdk/src/rp2_common/pico_stdio_usb/stdio_usb_descriptors.c.obj
 .rodata.str1.4
                0x0000000010009e98       0x14 CMakeFiles/gps_app.dir/home/isaac/pico/pico-sdk/lib/tinyusb/src/portable/raspberrypi/rp2040/dcd_rp2040.c.obj
 .rodata.str1.4
                0x0000000010009eac       0x49 CMakeFiles/gps_app.dir/home/isaac/pico/pico-sdk/lib/tinyusb/src/portable/raspberrypi/rp2040/rp2040_usb.c.obj
                                         0x53 (size before relaxing)
 *fill*         0x0000000010009ef5        0x3 
 .rodata.tud_task_ext
                0x0000000010009ef8       0x8c CMakeFiles/gps_app.dir/home/isaac/pico/pico-sdk/lib/tinyusb/src/device/usbd.c.obj
 .rodata._usbd_driver
                0x0000000010009f84       0x18 CMakeFiles/gps_app.dir/home/isaac/pico/pico-sdk/lib/tinyusb/src/device/usbd.c.obj
 .rodata.str1.4
                0x0000000010009f9c        0xf /usr/lib/gcc/arm-none-eabi/10.3.1/../../../arm-none-eabi/lib/thumb/v6-m/nofp/libc.a(lib_a-strtod.o)
                                         0x11 (size before relaxing)
 *fill*         0x0000000010009fab        0x5 
 .rodata        0x0000000010009fb0      0x120 /usr/lib/gcc/arm-none-eabi/10.3.1/../../../arm-none-eabi/lib/thumb/v6-m/nofp/libc.a(lib_a-strtod.o)
 .rodata.str1.4
                0x000000001000a0d0       0x4e /usr/lib/gcc/arm-none-eabi/10.3.1/../../../arm-none-eabi/lib/thumb/v6-m/nofp/libc.a(lib_a-gdtoa-gethex.o)
 *fill*         0x000000001000a11e        0x2 
 .rodata        0x000000001000a120      0x100 /usr/lib/gcc/arm-none-eabi/10.3.1/../../../arm-none-eabi/lib/thumb/v6-m/nofp/libc.a(lib_a-gdtoa-gethex.o)
                0x000000001000a120                __hexdig
 .rodata.str1.4
                0x000000001000a220        0x2 /usr/lib/gcc/arm-none-eabi/10.3.1/../../../arm-none-eabi/lib/thumb/v6-m/nofp/libc.a(lib_a-lnumeric.o)
                                          0x5 (size before relaxing)
 *fill*         0x000000001000a222        0x2 
 .rodata        0x000000001000a224        0xc /usr/lib/gcc/arm-none-eabi/10.3.1/../../../arm-none-eabi/lib/thumb/v6-m/nofp/libc.a(lib_a-lnumeric.o)
                0x000000001000a224                _C_numeric_locale
 .rodata.str1.4
                0x000000001000a230        0x6 /usr/lib/gcc/arm-none-eabi/10.3.1/../../../arm-none-eabi/lib/thumb/v6-m/nofp/libc.a(lib_a-locale.o)
                                         0x12 (size before relaxing)
 *fill*         0x000000001000a236        0x2 
 .rodata.str1.4
                0x000000001000a238       0x33 /usr/lib/gcc/arm-none-eabi/10.3.1/../../../arm-none-eabi/lib/thumb/v6-m/nofp/libc.a(lib_a-mprec.o)
                                         0x47 (size before relaxing)
 *fill*         0x000000001000a26b        0x5 
 .rodata        0x000000001000a270      0x128 /usr/lib/gcc/arm-none-eabi/10.3.1/../../../arm-none-eabi/lib/thumb/v6-m/nofp/libc.a(lib_a-mprec.o)
                0x000000001000a280                __mprec_tinytens
                0x000000001000a2a8                __mprec_bigtens
                0x000000001000a2d0                __mprec_tens
 .rodata        0x000000001000a398      0x101 /usr/lib/gcc/arm-none-eabi/10.3.1/../../../arm-none-eabi/lib/thumb/v6-m/nofp/libc.a(lib_a-ctype_.o)
                0x000000001000a398                _ctype_
                0x000000001000a49c                . = ALIGN (0x4)
 *fill*         0x000000001000a499        0x3 
 *(SORT_BY_ALIGNMENT(SORT_BY_NAME(.flashdata*)))
                0x000000001000a49c                . = ALIGN (0x4)

.ARM.extab
 *(.ARM.extab* .gnu.linkonce.armextab.*)
                0x000000001000a49c                __exidx_start = .

.ARM.exidx
 *(.ARM.exidx* .gnu.linkonce.armexidx.*)
                0x000000001000a49c                __exidx_end = .
                0x000000001000a49c                . = ALIGN (0x4)
                0x000000001000a49c                __binary_info_start = .

.binary_info    0x000000001000a49c       0x28
 *(.binary_info.keep.*)
 .binary_info.keep.__bi_ptr22
                0x000000001000a49c        0x4 CMakeFiles/gps_app.dir/home/isaac/pico/pico-sdk/src/rp2_common/pico_standard_link/binary_info.c.obj
 .binary_info.keep.__bi_ptr30
                0x000000001000a4a0        0x4 CMakeFiles/gps_app.dir/home/isaac/pico/pico-sdk/src/rp2_common/pico_standard_link/binary_info.c.obj
 .binary_info.keep.__bi_ptr38
                0x000000001000a4a4        0x4 CMakeFiles/gps_app.dir/home/isaac/pico/pico-sdk/src/rp2_common/pico_standard_link/binary_info.c.obj
 .binary_info.keep.__bi_ptr44
                0x000000001000a4a8        0x4 CMakeFiles/gps_app.dir/home/isaac/pico/pico-sdk/src/rp2_common/pico_standard_link/binary_info.c.obj
 .binary_info.keep.__bi_ptr50
                0x000000001000a4ac        0x4 CMakeFiles/gps_app.dir/home/isaac/pico/pico-sdk/src/rp2_common/pico_standard_link/binary_info.c.obj
 .binary_info.keep.__bi_ptr75
                0x000000001000a4b0        0x4 CMakeFiles/gps_app.dir/home/isaac/pico/pico-sdk/src/rp2_common/pico_standard_link/binary_info.c.obj
 .binary_info.keep.__bi_ptr81
                0x000000001000a4b4        0x4 CMakeFiles/gps_app.dir/home/isaac/pico/pico-sdk/src/rp2_common/pico_standard_link/binary_info.c.obj
 *(.binary_info.*)
 .binary_info.__bi_ptr33
                0x000000001000a4b8        0x4 CMakeFiles/gps_app.dir/home/isaac/pico/pico-sdk/src/rp2_common/pico_stdio_uart/stdio_uart.c.obj
 .binary_info.__bi_ptr34
                0x000000001000a4bc        0x4 CMakeFiles/gps_app.dir/home/isaac/pico/pico-sdk/src/rp2_common/pico_stdio_uart/stdio_uart.c.obj
 .binary_info.__bi_ptr182
                0x000000001000a4c0        0x4 CMakeFiles/gps_app.dir/home/isaac/pico/pico-sdk/src/rp2_common/pico_stdio_usb/stdio_usb.c.obj
                0x000000001000a4c4                __binary_info_end = .

.rel.dyn        0x000000001000a4c4        0x0
 .rel.iplt      0x000000001000a4c4        0x0 /usr/lib/gcc/arm-none-eabi/10.3.1/thumb/v6-m/nofp/crtbegin.o
                0x000000001000a4c4                . = ALIGN (0x4)

.ram_vector_table
                0x0000000020000000       0xc0
 *(.ram_vector_table)
 .ram_vector_table
                0x0000000020000000       0xc0 CMakeFiles/gps_app.dir/home/isaac/pico/pico-sdk/src/rp2_common/pico_runtime/runtime.c.obj
                0x0000000020000000                ram_vector_table

.data           0x00000000200000c0     0x1818 load address 0x000000001000a4c4
                0x00000000200000c0                __data_start__ = .
 *(vtable)
 *(.time_critical*)
 .time_critical.mutex_try_enter
                0x00000000200000c0       0x44 CMakeFiles/gps_app.dir/home/isaac/pico/pico-sdk/src/common/pico_sync/mutex.c.obj
                0x00000000200000c0                mutex_try_enter
 .time_critical.mutex_try_enter_block_until
                0x0000000020000104       0x9c CMakeFiles/gps_app.dir/home/isaac/pico/pico-sdk/src/common/pico_sync/mutex.c.obj
                0x0000000020000104                mutex_try_enter_block_until
 .time_critical.mutex_enter_timeout_ms
                0x00000000200001a0       0x90 CMakeFiles/gps_app.dir/home/isaac/pico/pico-sdk/src/common/pico_sync/mutex.c.obj
                0x00000000200001a0                mutex_enter_timeout_ms
 .time_critical.mutex_exit
                0x0000000020000230       0x28 CMakeFiles/gps_app.dir/home/isaac/pico/pico-sdk/src/common/pico_sync/mutex.c.obj
                0x0000000020000230                mutex_exit
 .time_critical.flash_init_boot2_copyout
                0x0000000020000258       0x30 CMakeFiles/gps_app.dir/home/isaac/pico/pico-sdk/src/rp2_common/hardware_flash/flash.c.obj
 .time_critical.flash_enable_xip_via_boot2
                0x0000000020000288       0x10 CMakeFiles/gps_app.dir/home/isaac/pico/pico-sdk/src/rp2_common/hardware_flash/flash.c.obj
 .time_critical.flash_cs_force
                0x0000000020000298       0x38 CMakeFiles/gps_app.dir/home/isaac/pico/pico-sdk/src/rp2_common/hardware_flash/flash.c.obj
 .time_critical.flash_do_cmd
                0x00000000200002d0       0xc4 CMakeFiles/gps_app.dir/home/isaac/pico/pico-sdk/src/rp2_common/hardware_flash/flash.c.obj
                0x00000000200002d0                flash_do_cmd
 .time_critical.reset_non_control_endpoints
                0x0000000020000394       0xbc CMakeFiles/gps_app.dir/home/isaac/pico/pico-sdk/lib/tinyusb/src/portable/raspberrypi/rp2040/dcd_rp2040.c.obj
 .time_critical.hw_handle_buff_status
                0x0000000020000450       0xa8 CMakeFiles/gps_app.dir/home/isaac/pico/pico-sdk/lib/tinyusb/src/portable/raspberrypi/rp2040/dcd_rp2040.c.obj
 .time_critical.dcd_rp2040_irq
                0x00000000200004f8      0x4d8 CMakeFiles/gps_app.dir/home/isaac/pico/pico-sdk/lib/tinyusb/src/portable/raspberrypi/rp2040/dcd_rp2040.c.obj
 .time_critical.e15_is_bulkin_ep
                0x00000000200009d0       0x28 CMakeFiles/gps_app.dir/home/isaac/pico/pico-sdk/lib/tinyusb/src/portable/raspberrypi/rp2040/rp2040_usb.c.obj
 .time_critical.e15_is_critical_frame_period
                0x00000000200009f8       0x34 CMakeFiles/gps_app.dir/home/isaac/pico/pico-sdk/lib/tinyusb/src/portable/raspberrypi/rp2040/rp2040_usb.c.obj
 .time_critical.prepare_ep_buffer
                0x0000000020000a2c       0x70 CMakeFiles/gps_app.dir/home/isaac/pico/pico-sdk/lib/tinyusb/src/portable/raspberrypi/rp2040/rp2040_usb.c.obj
 .time_critical.sync_ep_buffer
                0x0000000020000a9c       0x4c CMakeFiles/gps_app.dir/home/isaac/pico/pico-sdk/lib/tinyusb/src/portable/raspberrypi/rp2040/rp2040_usb.c.obj
 .time_critical._hw_endpoint_xfer_sync
                0x0000000020000ae8       0x28 CMakeFiles/gps_app.dir/home/isaac/pico/pico-sdk/lib/tinyusb/src/portable/raspberrypi/rp2040/rp2040_usb.c.obj
 .time_critical.hw_endpoint_reset_transfer
                0x0000000020000b10        0xc CMakeFiles/gps_app.dir/home/isaac/pico/pico-sdk/lib/tinyusb/src/portable/raspberrypi/rp2040/rp2040_usb.c.obj
                0x0000000020000b10                hw_endpoint_reset_transfer
 .time_critical._hw_endpoint_buffer_control_update32
                0x0000000020000b1c       0x58 CMakeFiles/gps_app.dir/home/isaac/pico/pico-sdk/lib/tinyusb/src/portable/raspberrypi/rp2040/rp2040_usb.c.obj
                0x0000000020000b1c                _hw_endpoint_buffer_control_update32
 .time_critical.hw_endpoint_start_next_buffer
                0x0000000020000b74       0x6c CMakeFiles/gps_app.dir/home/isaac/pico/pico-sdk/lib/tinyusb/src/portable/raspberrypi/rp2040/rp2040_usb.c.obj
                0x0000000020000b74                hw_endpoint_start_next_buffer
 .time_critical.hw_endpoint_xfer_continue
                0x0000000020000be0       0x50 CMakeFiles/gps_app.dir/home/isaac/pico/pico-sdk/lib/tinyusb/src/portable/raspberrypi/rp2040/rp2040_usb.c.obj
                0x0000000020000be0                hw_endpoint_xfer_continue
 .time_critical.tinyusb
                0x0000000020000c30      0x170 CMakeFiles/gps_app.dir/home/isaac/pico/pico-sdk/lib/tinyusb/src/device/usbd.c.obj
                0x0000000020000c30                dcd_event_handler
 *(.text*)
 .text          0x0000000020000da0        0x4 /usr/lib/gcc/arm-none-eabi/10.3.1/thumb/v6-m/nofp/libgcc.a(_dvmd_tls.o)
                0x0000000020000da0                __aeabi_ldiv0
                0x0000000020000da0                __aeabi_idiv0
 *fill*         0x0000000020000da4        0x4 
 .text.__stub   0x0000000020000da8       0x70 linker stubs
                0x0000000020000e18                . = ALIGN (0x4)
 *(.rodata*)
                0x0000000020000e18                . = ALIGN (0x4)
 *(.data*)
 .data.striped_spin_lock_num
                0x0000000020000e18        0x1 CMakeFiles/gps_app.dir/home/isaac/pico/pico-sdk/src/rp2_common/hardware_sync/sync.c.obj
 *fill*         0x0000000020000e19        0x3 
 .data          0x0000000020000e1c       0x48 CMakeFiles/gps_app.dir/home/isaac/pico/pico-sdk/src/rp2_common/hardware_irq/irq_handler_chain.S.obj
                0x0000000020000e1c                irq_handler_chain_slots
                0x0000000020000e4c                irq_handler_chain_first_slot
                0x0000000020000e56                irq_handler_chain_remove_tail
 .data.default_alarm_pool
                0x0000000020000e64       0x18 CMakeFiles/gps_app.dir/home/isaac/pico/pico-sdk/src/common/pico_time/time.c.obj
 .data.default_alarm_pool_heap
                0x0000000020000e7c       0x10 CMakeFiles/gps_app.dir/home/isaac/pico/pico-sdk/src/common/pico_time/time.c.obj
 *fill*         0x0000000020000e8c        0x4 
 .data.aeabi_bits_funcs
                0x0000000020000e90       0x10 CMakeFiles/gps_app.dir/home/isaac/pico/pico-sdk/src/rp2_common/pico_bit_ops/bit_ops_aeabi.S.obj
                0x0000000020000e90                aeabi_bits_funcs
                0x0000000020000ea0                aeabi_bits_funcs_end
 .data.aeabi_mem_funcs
                0x0000000020000ea0       0x10 CMakeFiles/gps_app.dir/home/isaac/pico/pico-sdk/src/rp2_common/pico_mem_ops/mem_ops_aeabi.S.obj
                0x0000000020000ea0                aeabi_mem_funcs
                0x0000000020000eb0                aeabi_mem_funcs_end
 .data.stdio_uart
                0x0000000020000eb0       0x18 CMakeFiles/gps_app.dir/home/isaac/pico/pico-sdk/src/rp2_common/pico_stdio_uart/stdio_uart.c.obj
                0x0000000020000eb0                stdio_uart
 .data.stdio_usb
                0x0000000020000ec8       0x18 CMakeFiles/gps_app.dir/home/isaac/pico/pico-sdk/src/rp2_common/pico_stdio_usb/stdio_usb.c.obj
                0x0000000020000ec8                stdio_usb
 .data.ep_dir_string
                0x0000000020000ee0        0x8 CMakeFiles/gps_app.dir/home/isaac/pico/pico-sdk/lib/tinyusb/src/portable/raspberrypi/rp2040/rp2040_usb.c.obj
                0x0000000020000ee0                ep_dir_string
 .data._usbd_qdef
                0x0000000020000ee8       0x1c CMakeFiles/gps_app.dir/home/isaac/pico/pico-sdk/lib/tinyusb/src/device/usbd.c.obj
                0x0000000020000ee8                _usbd_qdef
 .data._usbd_rhport
                0x0000000020000f04        0x1 CMakeFiles/gps_app.dir/home/isaac/pico/pico-sdk/lib/tinyusb/src/device/usbd.c.obj
 *fill*         0x0000000020000f05        0x3 
 .data          0x0000000020000f08      0x430 /usr/lib/gcc/arm-none-eabi/10.3.1/../../../arm-none-eabi/lib/thumb/v6-m/nofp/libc.a(lib_a-impure.o)
                0x0000000020000f08                _impure_ptr
 .data          0x0000000020001338      0x410 /usr/lib/gcc/arm-none-eabi/10.3.1/../../../arm-none-eabi/lib/thumb/v6-m/nofp/libc.a(lib_a-mallocr.o)
                0x0000000020001338                __malloc_sbrk_base
                0x000000002000133c                __malloc_trim_threshold
                0x0000000020001340                __malloc_av_
 .data          0x0000000020001748        0x2 /usr/lib/gcc/arm-none-eabi/10.3.1/../../../arm-none-eabi/lib/thumb/v6-m/nofp/libc.a(lib_a-lnumeric.o)
 *fill*         0x000000002000174a        0x2 
 .data          0x000000002000174c      0x16c /usr/lib/gcc/arm-none-eabi/10.3.1/../../../arm-none-eabi/lib/thumb/v6-m/nofp/libc.a(lib_a-locale.o)
                0x000000002000174c                __global_locale
                0x00000000200018b8                . = ALIGN (0x4)
 *(.after_data.*)
                0x00000000200018b8                . = ALIGN (0x4)
                0x00000000200018b8                PROVIDE (__mutex_array_start = .)
 *(SORT_BY_NAME(.mutex_array.*))
 *(.mutex_array)
 .mutex_array   0x00000000200018b8        0x8 CMakeFiles/gps_app.dir/home/isaac/pico/pico-sdk/src/rp2_common/pico_stdio/stdio.c.obj
                0x00000000200018c0                PROVIDE (__mutex_array_end = .)
                0x00000000200018c0                . = ALIGN (0x4)
                0x00000000200018c0                PROVIDE (__preinit_array_start = .)
 *(SORT_BY_NAME(.preinit_array.*))
 .preinit_array.00001
                0x00000000200018c0        0x4 CMakeFiles/gps_app.dir/home/isaac/pico/pico-sdk/src/rp2_common/pico_mem_ops/mem_ops_aeabi.S.obj
 .preinit_array.00010
                0x00000000200018c4        0x4 CMakeFiles/gps_app.dir/home/isaac/pico/pico-sdk/src/rp2_common/pico_bit_ops/bit_ops_aeabi.S.obj
 .preinit_array.00020
                0x00000000200018c8        0x4 CMakeFiles/gps_app.dir/home/isaac/pico/pico-sdk/src/rp2_common/pico_double/double_aeabi.S.obj
 .preinit_array.00020
                0x00000000200018cc        0x4 CMakeFiles/gps_app.dir/home/isaac/pico/pico-sdk/src/rp2_common/pico_float/float_aeabi.S.obj
 *(.preinit_array)
                0x00000000200018d0                PROVIDE (__preinit_array_end = .)
                0x00000000200018d0                . = ALIGN (0x4)
                0x00000000200018d0                PROVIDE (__init_array_start = .)
 *(SORT_BY_NAME(.init_array.*))
 *(.init_array)
 .init_array    0x00000000200018d0        0x4 /usr/lib/gcc/arm-none-eabi/10.3.1/thumb/v6-m/nofp/crtbegin.o
 .init_array    0x00000000200018d4        0x4 CMakeFiles/gps_app.dir/home/isaac/pico/pico-sdk/src/rp2_common/pico_unique_id/unique_id.c.obj
                0x00000000200018d8                PROVIDE (__init_array_end = .)
                0x00000000200018d8                . = ALIGN (0x4)
                0x00000000200018d8                PROVIDE (__fini_array_start = .)
 *(SORT_BY_NAME(.fini_array.*))
 *(.fini_array)
                0x00000000200018d8                PROVIDE (__fini_array_end = .)
 *(.jcr)
                0x00000000200018d8                . = ALIGN (0x4)
                0x00000000200018d8                __data_end__ = .
                0x000000001000a4c4                __etext = LOADADDR (.data)

.tm_clone_table
                0x00000000200018d8        0x0 load address 0x000000001000bcdc
 .tm_clone_table
                0x00000000200018d8        0x0 /usr/lib/gcc/arm-none-eabi/10.3.1/thumb/v6-m/nofp/crtbegin.o
 .tm_clone_table
                0x00000000200018d8        0x0 /usr/lib/gcc/arm-none-eabi/10.3.1/thumb/v6-m/nofp/crtend.o

.igot.plt       0x00000000200018d8        0x0 load address 0x000000001000bcdc
 .igot.plt      0x00000000200018d8        0x0 /usr/lib/gcc/arm-none-eabi/10.3.1/thumb/v6-m/nofp/crtbegin.o

.uninitialized_data
                0x00000000200018d8        0x0 load address 0x000000001000bcdc
                0x00000000200018d8                . = ALIGN (0x4)
 *(.uninitialized_data*)

.scratch_x      0x0000000020040000        0x0 load address 0x000000001000bcdc
                0x0000000020040000                __scratch_x_start__ = .
 *(.scratch_x.*)
                0x0000000020040000                . = ALIGN (0x4)
                0x0000000020040000                __scratch_x_end__ = .
                0x000000001000bcdc                __scratch_x_source__ = LOADADDR (.scratch_x)

.scratch_y      0x0000000020041000        0x0 load address 0x000000001000bcdc
                0x0000000020041000                __scratch_y_start__ = .
 *(.scratch_y.*)
                0x0000000020041000                . = ALIGN (0x4)
                0x0000000020041000                __scratch_y_end__ = .
                0x000000001000bcdc                __scratch_y_source__ = LOADADDR (.scratch_y)

.bss            0x00000000200018d8      0xe44
                0x00000000200018d8                . = ALIGN (0x4)
                0x00000000200018d8                __bss_start__ = .
 *(SORT_BY_ALIGNMENT(SORT_BY_NAME(.bss*)))
 .bss.default_alarm_pool_entries
                0x00000000200018d8      0x100 CMakeFiles/gps_app.dir/home/isaac/pico/pico-sdk/src/common/pico_time/time.c.obj
 .bss.last_avail_time.1
                0x00000000200019d8        0x8 CMakeFiles/gps_app.dir/home/isaac/pico/pico-sdk/src/rp2_common/pico_stdio_usb/stdio_usb.c.obj
 .bss.lat       0x00000000200019e0        0x8 CMakeFiles/gps_app.dir/main.c.obj
                0x00000000200019e0                lat
 .bss.lon       0x00000000200019e8        0x8 CMakeFiles/gps_app.dir/main.c.obj
                0x00000000200019e8                lon
 .bss.sd_table  0x00000000200019f0      0x100 CMakeFiles/gps_app.dir/home/isaac/pico/pico-sdk/src/rp2_common/pico_double/double_init_rom.c.obj
                0x00000000200019f0                sd_table
 .bss           0x0000000020001af0       0x1c /usr/lib/gcc/arm-none-eabi/10.3.1/thumb/v6-m/nofp/crtbegin.o
 .bss           0x0000000020001b0c       0x34 /usr/lib/gcc/arm-none-eabi/10.3.1/../../../arm-none-eabi/lib/thumb/v6-m/nofp/libc.a(lib_a-mallocr.o)
                0x0000000020001b0c                __malloc_top_pad
                0x0000000020001b10                __malloc_current_mallinfo
                0x0000000020001b38                __malloc_max_sbrked_mem
                0x0000000020001b3c                __malloc_max_total_mem
 .bss           0x0000000020001b40        0x4 /usr/lib/gcc/arm-none-eabi/10.3.1/../../../arm-none-eabi/lib/thumb/v6-m/nofp/libc.a(lib_a-reent.o)
                0x0000000020001b40                errno
 .bss._app_driver
                0x0000000020001b44        0x4 CMakeFiles/gps_app.dir/home/isaac/pico/pico-sdk/lib/tinyusb/src/device/usbd.c.obj
 .bss._cdcd_itf
                0x0000000020001b48      0x2c8 CMakeFiles/gps_app.dir/home/isaac/pico/pico-sdk/lib/tinyusb/src/class/cdc/cdc_device.c.obj
 .bss._ctrl_xfer
                0x0000000020001e10       0x14 CMakeFiles/gps_app.dir/home/isaac/pico/pico-sdk/lib/tinyusb/src/device/usbd_control.c.obj
 .bss._ubsd_mutexdef
                0x0000000020001e24        0x8 CMakeFiles/gps_app.dir/home/isaac/pico/pico-sdk/lib/tinyusb/src/device/usbd.c.obj
 .bss._usbd_ctrl_buf
                0x0000000020001e2c       0x40 CMakeFiles/gps_app.dir/home/isaac/pico/pico-sdk/lib/tinyusb/src/device/usbd_control.c.obj
 .bss._usbd_dev
                0x0000000020001e6c       0x53 CMakeFiles/gps_app.dir/home/isaac/pico/pico-sdk/lib/tinyusb/src/device/usbd.c.obj
 *fill*         0x0000000020001ebf        0x1 
 .bss._usbd_mutex
                0x0000000020001ec0        0x4 CMakeFiles/gps_app.dir/home/isaac/pico/pico-sdk/lib/tinyusb/src/device/usbd.c.obj
 .bss._usbd_q   0x0000000020001ec4        0x4 CMakeFiles/gps_app.dir/home/isaac/pico/pico-sdk/lib/tinyusb/src/device/usbd.c.obj
 .bss._usbd_qdef_buf
                0x0000000020001ec8       0xc0 CMakeFiles/gps_app.dir/home/isaac/pico/pico-sdk/lib/tinyusb/src/device/usbd.c.obj
                0x0000000020001ec8                _usbd_qdef_buf
 .bss.alarm_callbacks
                0x0000000020001f88       0x10 CMakeFiles/gps_app.dir/home/isaac/pico/pico-sdk/src/rp2_common/hardware_timer/timer.c.obj
 .bss.boot2_copyout
                0x0000000020001f98      0x100 CMakeFiles/gps_app.dir/home/isaac/pico/pico-sdk/src/rp2_common/hardware_flash/flash.c.obj
 .bss.chars_available_callback
                0x0000000020002098        0x4 CMakeFiles/gps_app.dir/home/isaac/pico/pico-sdk/src/rp2_common/pico_stdio_uart/stdio_uart.c.obj
 .bss.chars_available_callback
                0x000000002000209c        0x4 CMakeFiles/gps_app.dir/home/isaac/pico/pico-sdk/src/rp2_common/pico_stdio_usb/stdio_usb.c.obj
 .bss.chars_available_param
                0x00000000200020a0        0x4 CMakeFiles/gps_app.dir/home/isaac/pico/pico-sdk/src/rp2_common/pico_stdio_uart/stdio_uart.c.obj
 .bss.chars_available_param
                0x00000000200020a4        0x4 CMakeFiles/gps_app.dir/home/isaac/pico/pico-sdk/src/rp2_common/pico_stdio_usb/stdio_usb.c.obj
 .bss.claimed   0x00000000200020a8        0x4 CMakeFiles/gps_app.dir/home/isaac/pico/pico-sdk/src/rp2_common/hardware_sync/sync.c.obj
 .bss.configured_freq
                0x00000000200020ac       0x28 CMakeFiles/gps_app.dir/home/isaac/pico/pico-sdk/src/rp2_common/hardware_clocks/clocks.c.obj
 .bss.default_alarm_pool_entry_ids_high
                0x00000000200020d4       0x10 CMakeFiles/gps_app.dir/home/isaac/pico/pico-sdk/src/common/pico_time/time.c.obj
 .bss.default_alarm_pool_heap_nodes
                0x00000000200020e4       0x30 CMakeFiles/gps_app.dir/home/isaac/pico/pico-sdk/src/common/pico_time/time.c.obj
 .bss.desc_str.0
                0x0000000020002114       0x28 CMakeFiles/gps_app.dir/home/isaac/pico/pico-sdk/src/rp2_common/pico_stdio_usb/stdio_usb_descriptors.c.obj
 .bss.drivers   0x000000002000213c        0x4 CMakeFiles/gps_app.dir/home/isaac/pico/pico-sdk/src/rp2_common/pico_stdio/stdio.c.obj
 .bss.e15_last_sof
                0x0000000020002140        0x4 CMakeFiles/gps_app.dir/home/isaac/pico/pico-sdk/lib/tinyusb/src/portable/raspberrypi/rp2040/rp2040_usb.c.obj
                0x0000000020002140                e15_last_sof
 .bss.filter    0x0000000020002144        0x4 CMakeFiles/gps_app.dir/home/isaac/pico/pico-sdk/src/rp2_common/pico_stdio/stdio.c.obj
 .bss.heap_end.0
                0x0000000020002148        0x4 CMakeFiles/gps_app.dir/home/isaac/pico/pico-sdk/src/rp2_common/pico_runtime/runtime.c.obj
 .bss.hw_endpoints
                0x000000002000214c      0x400 CMakeFiles/gps_app.dir/home/isaac/pico/pico-sdk/lib/tinyusb/src/portable/raspberrypi/rp2040/dcd_rp2040.c.obj
 .bss.lat_str   0x000000002000254c       0x14 CMakeFiles/gps_app.dir/main.c.obj
                0x000000002000254c                lat_str
 .bss.lazy_vsnprintf
                0x0000000020002560        0x4 CMakeFiles/gps_app.dir/home/isaac/pico/pico-sdk/src/rp2_common/pico_printf/printf.c.obj
 .bss.load_value
                0x0000000020002564        0x4 CMakeFiles/gps_app.dir/home/isaac/pico/pico-sdk/src/rp2_common/hardware_watchdog/watchdog.c.obj
 .bss.lon_str   0x0000000020002568       0x14 CMakeFiles/gps_app.dir/main.c.obj
                0x0000000020002568                lon_str
 .bss.next_buffer_ptr
                0x000000002000257c        0x4 CMakeFiles/gps_app.dir/home/isaac/pico/pico-sdk/lib/tinyusb/src/portable/raspberrypi/rp2040/dcd_rp2040.c.obj
 .bss.one_shot_timer_crit_sec
                0x0000000020002580        0x8 CMakeFiles/gps_app.dir/home/isaac/pico/pico-sdk/src/rp2_common/pico_stdio_usb/stdio_usb.c.obj
 .bss.pools     0x0000000020002588       0x10 CMakeFiles/gps_app.dir/home/isaac/pico/pico-sdk/src/common/pico_time/time.c.obj
 .bss.receive_buffer
                0x0000000020002598       0x32 CMakeFiles/gps_app.dir/main.c.obj
                0x0000000020002598                receive_buffer
 *fill*         0x00000000200025ca        0x2 
 .bss.receive_buffer_index
                0x00000000200025cc        0x4 CMakeFiles/gps_app.dir/main.c.obj
                0x00000000200025cc                receive_buffer_index
 .bss.retrieved_id
                0x00000000200025d0        0x8 CMakeFiles/gps_app.dir/home/isaac/pico/pico-sdk/src/rp2_common/pico_unique_id/unique_id.c.obj
 .bss.sf_clz_func
                0x00000000200025d8        0x4 CMakeFiles/gps_app.dir/home/isaac/pico/pico-sdk/src/rp2_common/pico_double/double_init_rom.c.obj
                0x00000000200025d8                sf_clz_func
 .bss.sf_table  0x00000000200025dc      0x100 CMakeFiles/gps_app.dir/home/isaac/pico/pico-sdk/src/rp2_common/pico_float/float_init_rom.c.obj
                0x00000000200025dc                sf_table
 .bss.sleep_notifier
                0x00000000200026dc        0x4 CMakeFiles/gps_app.dir/home/isaac/pico/pico-sdk/src/common/pico_time/time.c.obj
 .bss.stdio_usb_mutex
                0x00000000200026e0        0x8 CMakeFiles/gps_app.dir/home/isaac/pico/pico-sdk/src/rp2_common/pico_stdio_usb/stdio_usb.c.obj
 .bss.target_hi
                0x00000000200026e8       0x10 CMakeFiles/gps_app.dir/home/isaac/pico/pico-sdk/src/rp2_common/hardware_timer/timer.c.obj
 .bss.uart_char_to_line_feed
                0x00000000200026f8        0x4 CMakeFiles/gps_app.dir/home/isaac/pico/pico-sdk/src/rp2_common/hardware_uart/uart.c.obj
                0x00000000200026f8                uart_char_to_line_feed
 .bss.uart_instance
                0x00000000200026fc        0x4 CMakeFiles/gps_app.dir/home/isaac/pico/pico-sdk/src/rp2_common/pico_stdio_uart/stdio_uart.c.obj
 .bss.usbd_serial_str
                0x0000000020002700       0x11 CMakeFiles/gps_app.dir/home/isaac/pico/pico-sdk/src/rp2_common/pico_stdio_usb/stdio_usb_descriptors.c.obj
 .bss._app_driver_count
                0x0000000020002711        0x1 CMakeFiles/gps_app.dir/home/isaac/pico/pico-sdk/lib/tinyusb/src/device/usbd.c.obj
 .bss._sof_enable
                0x0000000020002712        0x1 CMakeFiles/gps_app.dir/home/isaac/pico/pico-sdk/lib/tinyusb/src/portable/raspberrypi/rp2040/dcd_rp2040.c.obj
 .bss.boot2_copyout_valid
                0x0000000020002713        0x1 CMakeFiles/gps_app.dir/home/isaac/pico/pico-sdk/src/rp2_common/hardware_flash/flash.c.obj
 .bss.claimed   0x0000000020002714        0x1 CMakeFiles/gps_app.dir/home/isaac/pico/pico-sdk/src/rp2_common/hardware_timer/timer.c.obj
 .bss.irq_hander_chain_free_slot_head
                0x0000000020002715        0x1 CMakeFiles/gps_app.dir/home/isaac/pico/pico-sdk/src/rp2_common/hardware_irq/irq.c.obj
 .bss.itf_num   0x0000000020002716        0x1 CMakeFiles/gps_app.dir/home/isaac/pico/pico-sdk/src/rp2_common/pico_stdio_usb/reset_interface.c.obj
 .bss.low_priority_irq_num
                0x0000000020002717        0x1 CMakeFiles/gps_app.dir/home/isaac/pico/pico-sdk/src/rp2_common/pico_stdio_usb/stdio_usb.c.obj
 .bss.one_shot_timer_pending
                0x0000000020002718        0x1 CMakeFiles/gps_app.dir/home/isaac/pico/pico-sdk/src/rp2_common/pico_stdio_usb/stdio_usb.c.obj
 .bss.timer_callbacks_pending
                0x0000000020002719        0x1 CMakeFiles/gps_app.dir/home/isaac/pico/pico-sdk/src/rp2_common/hardware_timer/timer.c.obj
 .bss.user_irq_claimed
                0x000000002000271a        0x1 CMakeFiles/gps_app.dir/home/isaac/pico/pico-sdk/src/rp2_common/hardware_irq/irq.c.obj
 *(COMMON)
                0x000000002000271c                . = ALIGN (0x4)
 *fill*         0x000000002000271b        0x1 
                0x000000002000271c                __bss_end__ = .

.heap           0x000000002000271c      0x800
                0x000000002000271c                __end__ = .
                0x000000002000271c                end = __end__
 *(.heap*)
 .heap          0x000000002000271c      0x800 CMakeFiles/gps_app.dir/home/isaac/pico/pico-sdk/src/rp2_common/pico_standard_link/crt0.S.obj
                0x0000000020002f1c                __HeapLimit = .

.stack1_dummy   0x0000000020040000        0x0
 *(.stack1*)

.stack_dummy    0x0000000020041000      0x800
 *(.stack*)
 .stack         0x0000000020041000      0x800 CMakeFiles/gps_app.dir/home/isaac/pico/pico-sdk/src/rp2_common/pico_standard_link/crt0.S.obj

.flash_end      0x000000001000bcdc        0x0
                0x000000001000bcdc                PROVIDE (__flash_binary_end = .)
                0x0000000020040000                __StackLimit = (ORIGIN (RAM) + LENGTH (RAM))
                0x0000000020041000                __StackOneTop = (ORIGIN (SCRATCH_X) + LENGTH (SCRATCH_X))
                0x0000000020042000                __StackTop = (ORIGIN (SCRATCH_Y) + LENGTH (SCRATCH_Y))
                0x0000000020041000                __StackOneBottom = (__StackOneTop - SIZEOF (.stack1_dummy))
                0x0000000020041800                __StackBottom = (__StackTop - SIZEOF (.stack_dummy))
                0x0000000020042000                PROVIDE (__stack = __StackTop)
                0x0000000000000001                ASSERT ((__StackLimit >= __HeapLimit), region RAM overflowed)
                0x0000000000000001                ASSERT (((__binary_info_header_end - __logical_binary_start) <= 0x100), Binary info must be in first 256 bytes of the binary)
LOAD CMakeFiles/gps_app.dir/main.c.obj
LOAD CMakeFiles/gps_app.dir/home/isaac/pico/pico-sdk/src/rp2_common/pico_stdlib/stdlib.c.obj
LOAD CMakeFiles/gps_app.dir/home/isaac/pico/pico-sdk/src/rp2_common/hardware_gpio/gpio.c.obj
LOAD CMakeFiles/gps_app.dir/home/isaac/pico/pico-sdk/src/rp2_common/pico_platform/platform.c.obj
LOAD CMakeFiles/gps_app.dir/home/isaac/pico/pico-sdk/src/rp2_common/hardware_claim/claim.c.obj
LOAD CMakeFiles/gps_app.dir/home/isaac/pico/pico-sdk/src/rp2_common/hardware_sync/sync.c.obj
LOAD CMakeFiles/gps_app.dir/home/isaac/pico/pico-sdk/src/rp2_common/hardware_irq/irq.c.obj
LOAD CMakeFiles/gps_app.dir/home/isaac/pico/pico-sdk/src/rp2_common/hardware_irq/irq_handler_chain.S.obj
LOAD CMakeFiles/gps_app.dir/home/isaac/pico/pico-sdk/src/common/pico_sync/sem.c.obj
LOAD CMakeFiles/gps_app.dir/home/isaac/pico/pico-sdk/src/common/pico_sync/lock_core.c.obj
LOAD CMakeFiles/gps_app.dir/home/isaac/pico/pico-sdk/src/common/pico_sync/mutex.c.obj
LOAD CMakeFiles/gps_app.dir/home/isaac/pico/pico-sdk/src/common/pico_sync/critical_section.c.obj
LOAD CMakeFiles/gps_app.dir/home/isaac/pico/pico-sdk/src/common/pico_time/time.c.obj